[
  [
    "-facebook-likeButton-",
    [
      54470
    ]
  ],
  [
    "-facebook-share.",
    [
      54471
    ]
  ],
  [
    "-facebook-widget.",
    [
      54472
    ]
  ],
  [
    "-follow-icon-",
    [
      54473
    ]
  ],
  [
    "-follow-icons.",
    [
      54474
    ]
  ],
  [
    "-follow-us-icons.",
    [
      54475
    ]
  ],
  [
    "-followicons.",
    [
      54476
    ]
  ],
  [
    "-share-bar/$~stylesheet",
    [
      54477
    ]
  ],
  [
    "-share-buttons2.",
    [
      54478
    ]
  ],
  [
    "-share-buttons3/$~stylesheet",
    [
      54479
    ]
  ],
  [
    "-share-sprite-",
    [
      54480
    ]
  ],
  [
    "-share-sprite.",
    [
      54481
    ]
  ],
  [
    "-share-tools-",
    [
      54482
    ]
  ],
  [
    "-sharebar-",
    [
      54483
    ]
  ],
  [
    "-sharebar.",
    [
      54484
    ]
  ],
  [
    "-ShareButton2.",
    [
      54485
    ]
  ],
  [
    "-sharebuttons_",
    [
      54486
    ]
  ],
  [
    "-sharetools-",
    [
      54487
    ]
  ],
  [
    "-shareWidget.",
    [
      54488
    ]
  ],
  [
    "-slide-social-",
    [
      54489
    ]
  ],
  [
    "-social-panel.",
    [
      54490
    ]
  ],
  [
    "-social-panel/",
    [
      54491
    ]
  ],
  [
    "-social-sidebar.",
    [
      54492
    ]
  ],
  [
    "-Social-Sidebar/",
    [
      54493
    ]
  ],
  [
    "-social-slider/",
    [
      54494
    ]
  ],
  [
    "-sprite-social-",
    [
      54495
    ]
  ],
  [
    ".fbshare.js",
    [
      54496
    ]
  ],
  [
    ".sharebar.js",
    [
      54497
    ]
  ],
  [
    ".sharing.js",
    [
      54498
    ]
  ],
  [
    "/a2a_share_",
    [
      54499
    ]
  ],
  [
    "/accesspress-social-counter/*",
    [
      54500
    ]
  ],
  [
    "/add-mymsn2.gif",
    [
      54501
    ]
  ],
  [
    "/addthis_widget.js",
    [
      54502
    ]
  ],
  [
    "/addtoany.min.js",
    [
      54503
    ]
  ],
  [
    "/advanced-social-widget.js",
    [
      54504
    ]
  ],
  [
    "/article-social/*",
    [
      54505
    ]
  ],
  [
    "/ashare.js",
    [
      54506
    ]
  ],
  [
    "/ayoshare.js",
    [
      54507
    ]
  ],
  [
    "/badge_twitter.jpg",
    [
      54508
    ]
  ],
  [
    "/badge_twitter.png",
    [
      54509
    ]
  ],
  [
    "/banner-social.jpg",
    [
      54510
    ]
  ],
  [
    "/banner-social.png",
    [
      54511
    ]
  ],
  [
    "/banner/social/*",
    [
      54512
    ]
  ],
  [
    "/bottom-facebook.jpg",
    [
      54513
    ]
  ],
  [
    "/bottom-facebook.png",
    [
      54514
    ]
  ],
  [
    "/bottom-twitter.jpg",
    [
      54515
    ]
  ],
  [
    "/bottom-twitter.png",
    [
      54516
    ]
  ],
  [
    "/button_share.png",
    [
      54517
    ]
  ],
  [
    "/cevhershare.js",
    [
      54518
    ]
  ],
  [
    "/common/sns/*",
    [
      54519
    ]
  ],
  [
    "/common/sns_",
    [
      54520
    ]
  ],
  [
    "/commons/social/*",
    [
      54521
    ]
  ],
  [
    "/commonSprites/social/*",
    [
      54522
    ]
  ],
  [
    "/cool-share/plugin.js",
    [
      54523
    ]
  ],
  [
    "/diggdigg-floating-bar.js",
    [
      54524
    ]
  ],
  [
    "/ej-socialslider/static/slideout.js",
    [
      54525
    ]
  ],
  [
    "/facebook-page-promoter-lightbox/includes/launch/launch.min.js",
    [
      54526
    ]
  ],
  [
    "/facebook-pagelike-widget/fb.js",
    [
      54527
    ]
  ],
  [
    "/facebook-popup-",
    [
      54528
    ]
  ],
  [
    "/facebook-side.jpg",
    [
      54529
    ]
  ],
  [
    "/facebook-side.png",
    [
      54530
    ]
  ],
  [
    "/facebook-vertical.png",
    [
      54531
    ]
  ],
  [
    "/facebook-vertical.svg",
    [
      54532
    ]
  ],
  [
    "/facebook_badge.gif",
    [
      54533
    ]
  ],
  [
    "/facebook_badge.jpg",
    [
      54534
    ]
  ],
  [
    "/facebook_badge.png",
    [
      54535
    ]
  ],
  [
    "/facebook_footer.png",
    [
      54536
    ]
  ],
  [
    "/facebook_footer.svg",
    [
      54537
    ]
  ],
  [
    "/facebook_like_button.png",
    [
      54538
    ]
  ],
  [
    "/facebook_sidebar.jpg",
    [
      54539
    ]
  ],
  [
    "/facebook_sidebar.png",
    [
      54540
    ]
  ],
  [
    "/facebook_sidebar.svg",
    [
      54541
    ]
  ],
  [
    "/facebook_social.png",
    [
      54542
    ]
  ],
  [
    "/facebook_top_icon.png",
    [
      54543
    ]
  ],
  [
    "/facebookbadge.gif",
    [
      54544
    ]
  ],
  [
    "/facebookbadge.jpg",
    [
      54545
    ]
  ],
  [
    "/facebookbadge.png",
    [
      54546
    ]
  ],
  [
    "/facebookBtmIcon.gif",
    [
      54547
    ]
  ],
  [
    "/facebookHeader.png",
    [
      54548
    ]
  ],
  [
    "/facebooksharebutton.png",
    [
      54549
    ]
  ],
  [
    "/facebooksocialplugins.js",
    [
      54550
    ]
  ],
  [
    "/facebooksquare.jpg",
    [
      54551
    ]
  ],
  [
    "/facebooksquare.png",
    [
      54552
    ]
  ],
  [
    "/facebooktrafficdriver.min.js",
    [
      54553
    ]
  ],
  [
    "/facebookwidget.js",
    [
      54554
    ]
  ],
  [
    "/fb-like-pop.js",
    [
      54555
    ]
  ],
  [
    "/fb-pixel.js",
    [
      54556
    ]
  ],
  [
    "/fb-traffic-pop.css",
    [
      54557
    ]
  ],
  [
    "/fb-traffic-pop.min.js",
    [
      54558
    ]
  ],
  [
    "/fb-widget.jpg",
    [
      54559
    ]
  ],
  [
    "/fb-widget.js",
    [
      54560
    ]
  ],
  [
    "/fb-widget.png",
    [
      54561
    ]
  ],
  [
    "/fb_modeles.css",
    [
      54562
    ]
  ],
  [
    "/fb_side.jpg",
    [
      54563
    ]
  ],
  [
    "/fb_side.png",
    [
      54564
    ]
  ],
  [
    "/fbfooter.png",
    [
      54565
    ]
  ],
  [
    "/fbfooter.svg",
    [
      54566
    ]
  ],
  [
    "/fbpop.js",
    [
      54567
    ]
  ],
  [
    "/fbshare.jpg",
    [
      54568
    ]
  ],
  [
    "/fbshare.js",
    [
      54569
    ]
  ],
  [
    "/fbshare.png",
    [
      54570
    ]
  ],
  [
    "/fbshare2.jpg",
    [
      54571
    ]
  ],
  [
    "/fbshare2.png",
    [
      54572
    ]
  ],
  [
    "/floating-social-bar/js/fsb.js",
    [
      54573
    ]
  ],
  [
    "/floating-wpp.min.js",
    [
      54574
    ]
  ],
  [
    "/flw-twitter.png",
    [
      54575
    ]
  ],
  [
    "/follow-linkedin.jpg",
    [
      54576
    ]
  ],
  [
    "/follow-twitter-",
    [
      54577
    ]
  ],
  [
    "/follow-twitter.",
    [
      54578
    ]
  ],
  [
    "/follow-us.$~stylesheet",
    [
      54579
    ]
  ],
  [
    "/follow-widget.js",
    [
      54580
    ]
  ],
  [
    "/follow_instagram.png",
    [
      54581
    ]
  ],
  [
    "/followusontwitter.jpg",
    [
      54582
    ]
  ],
  [
    "/followusontwitter.png",
    [
      54583
    ]
  ],
  [
    "/gadgets/Social/*",
    [
      54584
    ]
  ],
  [
    "/gallery/social/*$image",
    [
      54585
    ]
  ],
  [
    "/gen-share-master/assets/js/frontend/application.min.js",
    [
      54586
    ]
  ],
  [
    "/gfx/socials/*",
    [
      54587
    ]
  ],
  [
    "/gigya-socialize-for-wordpress/*$~script,~stylesheet",
    [
      54588
    ]
  ],
  [
    "/gm-button-social.min.js",
    [
      54589
    ]
  ],
  [
    "/graphics/share/*",
    [
      54590
    ]
  ],
  [
    "/Handlers/Sharrre.ashx?",
    [
      54591
    ]
  ],
  [
    "/header_socials.png",
    [
      54592
    ]
  ],
  [
    "/highlight-and-share.js",
    [
      54593
    ]
  ],
  [
    "/icon_share_",
    [
      54594
    ]
  ],
  [
    "/icon_sns_",
    [
      54595
    ]
  ],
  [
    "/itpsocialbuttons/images/*",
    [
      54596
    ]
  ],
  [
    "/itpsocialbuttons/style.css",
    [
      54597
    ]
  ],
  [
    "/Javascripts/Social.js",
    [
      54598
    ]
  ],
  [
    "/jiathis_share.css",
    [
      54599
    ]
  ],
  [
    "/jinda-facebook-lightbox/public/*",
    [
      54600
    ]
  ],
  [
    "/jquery-pin-it-button-for-images/js/jpibfi.client.js",
    [
      54601
    ]
  ],
  [
    "/jquery.shareaholic-publishers-sb.min.js",
    [
      54602
    ]
  ],
  [
    "/jquery.sharecount.min.js",
    [
      54603
    ]
  ],
  [
    "/jquery.stp.min.js",
    [
      54604
    ]
  ],
  [
    "/juiz-social-post-sharer-2.min.css",
    [
      54605
    ]
  ],
  [
    "/juiz-social-post-sharer-6.min.css",
    [
      54606
    ]
  ],
  [
    "/juiz-social-post-sharer.min.js",
    [
      54607
    ]
  ],
  [
    "/lg-share.js",
    [
      54608
    ]
  ],
  [
    "/like_button.js",
    [
      54609
    ]
  ],
  [
    "/like_button.png",
    [
      54610
    ]
  ],
  [
    "/likebox.php",
    [
      54611
    ]
  ],
  [
    "/likefacebook.jpg",
    [
      54612
    ]
  ],
  [
    "/likefacebook.png",
    [
      54613
    ]
  ],
  [
    "/likegate.js",
    [
      54614
    ]
  ],
  [
    "/likesScript.js",
    [
      54615
    ]
  ],
  [
    "/mod_socialmedialinks/icons/*",
    [
      54616
    ]
  ],
  [
    "/mod_socialmedialinks/style.css",
    [
      54617
    ]
  ],
  [
    "/mod_socialslider/tmpl/*",
    [
      54618
    ]
  ],
  [
    "/myshare/assets/js/*",
    [
      54619
    ]
  ],
  [
    "/needsharebutton.js",
    [
      54620
    ]
  ],
  [
    "/needsharebutton.min.css",
    [
      54621
    ]
  ],
  [
    "/o3-social-share-styles.css",
    [
      54622
    ]
  ],
  [
    "/oss_share.js",
    [
      54623
    ]
  ],
  [
    "/overlayShare.js",
    [
      54624
    ]
  ],
  [
    "/pandalocker.$script",
    [
      54625
    ]
  ],
  [
    "/pin_it_button.png",
    [
      54626
    ]
  ],
  [
    "/pinit-button.png",
    [
      54627
    ]
  ],
  [
    "/pinit.html?",
    [
      54628
    ]
  ],
  [
    "/pinterest-footer-icon.png",
    [
      54629
    ]
  ],
  [
    "/pinterest-footer-icon.svg",
    [
      54630
    ]
  ],
  [
    "/pinterest-footer-svg.ashx",
    [
      54631
    ]
  ],
  [
    "/pinterest-footer.ashx",
    [
      54632
    ]
  ],
  [
    "/pinterest-for-woocommerce-save-button.min.js",
    [
      54633
    ]
  ],
  [
    "/pinterest-for-woocommerce-tracking.min.js",
    [
      54634
    ]
  ],
  [
    "/pinterest-over.jpg",
    [
      54635
    ]
  ],
  [
    "/pinterest-over.png",
    [
      54636
    ]
  ],
  [
    "/pinterest_tag.js",
    [
      54637
    ]
  ],
  [
    "/pintrest-button.png",
    [
      54638
    ]
  ],
  [
    "/plugins/add-to-any-subscribe/subscribe_",
    [
      54639
    ]
  ],
  [
    "/plugins/add-to-any/addtoany.min.js",
    [
      54640
    ]
  ],
  [
    "/plugins/anmiated-twitter-bird/js/tripleflap.js",
    [
      54641
    ]
  ],
  [
    "/plugins/bookmarkify/*",
    [
      54642
    ]
  ],
  [
    "/plugins/delicious-bookmark-button/delit.js",
    [
      54643
    ]
  ],
  [
    "/plugins/dpSocialShare/js/jquery.dpSocialShare.js",
    [
      54644
    ]
  ],
  [
    "/plugins/easy-facebook-likebox/*",
    [
      54645
    ]
  ],
  [
    "/plugins/easy-twitter-feeds/public/js/widget.js",
    [
      54646
    ]
  ],
  [
    "/plugins/facebook-button-plugin/js/script.js",
    [
      54647
    ]
  ],
  [
    "/plugins/facebook-fanbox-popup/assets/js/spu.js",
    [
      54648
    ]
  ],
  [
    "/plugins/facebook-like-content-locker/js/pop.js",
    [
      54649
    ]
  ],
  [
    "/plugins/facebook-page-promoter-$~stylesheet",
    [
      54650
    ]
  ],
  [
    "/plugins/facebookpopuppro/js/facebookpopup.js",
    [
      54651
    ]
  ],
  [
    "/plugins/getsocial/lib/getsocial.js",
    [
      54652
    ]
  ],
  [
    "/plugins/knxdt-bookmarks-wordpress-plugin/css/style.css",
    [
      54653
    ]
  ],
  [
    "/plugins/light-social/*$~stylesheet",
    [
      54654
    ]
  ],
  [
    "/plugins/like-box-pro/includes/javascript/front_end_js.js",
    [
      54655
    ]
  ],
  [
    "/plugins/like-fb/js/popup.js",
    [
      54656
    ]
  ],
  [
    "/plugins/mashsharer/assets/js/mashsb.min.js",
    [
      54657
    ]
  ],
  [
    "/plugins/osd-social-media-sharing/includes/style.css",
    [
      54658
    ]
  ],
  [
    "/plugins/pinterest-pin-it-button-on-image-hover-and-post/js/pinit.js",
    [
      54659
    ]
  ],
  [
    "/plugins/rtsocial/js/rtss-main.js",
    [
      54660
    ]
  ],
  [
    "/plugins/share-and-follow/*$image",
    [
      54661
    ]
  ],
  [
    "/plugins/share-social/icons/*$image",
    [
      54662
    ]
  ],
  [
    "/plugins/simple-social-sharing-widgets-icons/*$~stylesheet",
    [
      54663
    ]
  ],
  [
    "/plugins/slick-social-share-buttons/*",
    [
      54664
    ]
  ],
  [
    "/plugins/slide-in/js/wdsi.js",
    [
      54665
    ]
  ],
  [
    "/plugins/sme-facebook-likebox-sidebar/*",
    [
      54666
    ]
  ],
  [
    "/plugins/sociable-re/images/*",
    [
      54667
    ]
  ],
  [
    "/plugins/sociable/*$~stylesheet",
    [
      54668
    ]
  ],
  [
    "/plugins/social-media-widget/*$image",
    [
      54669
    ]
  ],
  [
    "/plugins/social-profiles-widget/*$image",
    [
      54670
    ]
  ],
  [
    "/plugins/socialbox/assets/*",
    [
      54671
    ]
  ],
  [
    "/plugins/socialfans-counter/assets/js/socialfans-script.js",
    [
      54672
    ]
  ],
  [
    "/plugins/socialgrid/static/img/*",
    [
      54673
    ]
  ],
  [
    "/plugins/StickySocialBar/js/sharefront.js",
    [
      54674
    ]
  ],
  [
    "/plugins/subscribe-connect-follow-widget/images/*",
    [
      54675
    ]
  ],
  [
    "/plugins/tweet-this/icons/*",
    [
      54676
    ]
  ],
  [
    "/plugins/tweetmeme/button.js",
    [
      54677
    ]
  ],
  [
    "/plugins/ultimate-follow-me/*",
    [
      54678
    ]
  ],
  [
    "/plugins/ultimate-social-deux/public/assets/js/min/us.script-min.js",
    [
      54679
    ]
  ],
  [
    "/plugins/viperbar/client/js/front.js",
    [
      54680
    ]
  ],
  [
    "/plugins/wordpress-social-ring/*",
    [
      54681
    ]
  ],
  [
    "/plugins/wp-plus-one/wp-plus-one.js",
    [
      54682
    ]
  ],
  [
    "/plugins/wp-social-toolbar-pro/js/corescripts.js",
    [
      54683
    ]
  ],
  [
    "/plugins/wp-tweet-button/tweetn.png",
    [
      54684
    ]
  ],
  [
    "/prisna-social-counter.css",
    [
      54685
    ]
  ],
  [
    "/qa-social-share.css",
    [
      54686
    ]
  ],
  [
    "/Resources/twitter-$~xmlhttprequest",
    [
      54687
    ]
  ],
  [
    "/rrshare.js",
    [
      54688
    ]
  ],
  [
    "/s9-social-sharing-front.css",
    [
      54689
    ]
  ],
  [
    "/scrollShareMenu.html",
    [
      54690
    ]
  ],
  [
    "/share-bar-1.min.js",
    [
      54691
    ]
  ],
  [
    "/share-bar/build/index.js",
    [
      54692
    ]
  ],
  [
    "/share-bar/share-bar.js",
    [
      54693
    ]
  ],
  [
    "/share-button?",
    [
      54694
    ]
  ],
  [
    "/share-controller.js",
    [
      54695
    ]
  ],
  [
    "/share-controller.min.js",
    [
      54696
    ]
  ],
  [
    "/share-leadoff-public.js",
    [
      54697
    ]
  ],
  [
    "/share-on-diaspora-css.php",
    [
      54698
    ]
  ],
  [
    "/share.php?buttons=",
    [
      54699
    ]
  ],
  [
    "/share/count?",
    [
      54700
    ]
  ],
  [
    "/share/footer/*",
    [
      54701
    ]
  ],
  [
    "/share/frame/*",
    [
      54702
    ]
  ],
  [
    "/share42.js",
    [
      54703
    ]
  ],
  [
    "/share_button?",
    [
      54704
    ]
  ],
  [
    "/share_count.js",
    [
      54705
    ]
  ],
  [
    "/share_iframe.js",
    [
      54706
    ]
  ],
  [
    "/share_popup.js",
    [
      54707
    ]
  ],
  [
    "/share_sprite.png",
    [
      54708
    ]
  ],
  [
    "/share_toolbar.js",
    [
      54709
    ]
  ],
  [
    "/share_view.js",
    [
      54710
    ]
  ],
  [
    "/share_wechat.jpg",
    [
      54711
    ]
  ],
  [
    "/share_wechat.png",
    [
      54712
    ]
  ],
  [
    "/share_weibo.jpg",
    [
      54713
    ]
  ],
  [
    "/share_weibo.png",
    [
      54714
    ]
  ],
  [
    "/shareaholic.js",
    [
      54715
    ]
  ],
  [
    "/shareArrow.png",
    [
      54716
    ]
  ],
  [
    "/sharebar.js",
    [
      54717
    ]
  ],
  [
    "/shareBar/*",
    [
      54718
    ]
  ],
  [
    "/sharebars/*",
    [
      54719
    ]
  ],
  [
    "/shareBtn_",
    [
      54720
    ]
  ],
  [
    "/sharebutton?",
    [
      54721
    ]
  ],
  [
    "/sharecount/*",
    [
      54722
    ]
  ],
  [
    "/sharecounter?",
    [
      54723
    ]
  ],
  [
    "/sharecounts/*",
    [
      54724
    ]
  ],
  [
    "/shared-social-",
    [
      54725
    ]
  ],
  [
    "/shared/btn_",
    [
      54726
    ]
  ],
  [
    "/shared/social/*",
    [
      54727
    ]
  ],
  [
    "/sharedaddy.js",
    [
      54728
    ]
  ],
  [
    "/sharedaddy/sharing.min.js",
    [
      54729
    ]
  ],
  [
    "/shareFacebook.jpg",
    [
      54730
    ]
  ],
  [
    "/shareFacebook.png",
    [
      54731
    ]
  ],
  [
    "/Sharefb.jpg",
    [
      54732
    ]
  ],
  [
    "/Sharefb.png",
    [
      54733
    ]
  ],
  [
    "/sharefb_icon.png",
    [
      54734
    ]
  ],
  [
    "/shareicon-",
    [
      54735
    ]
  ],
  [
    "/shareIcons.$~stylesheet",
    [
      54736
    ]
  ],
  [
    "/shareit.js",
    [
      54737
    ]
  ],
  [
    "/shareit_",
    [
      54738
    ]
  ],
  [
    "/shareon.iife.js",
    [
      54739
    ]
  ],
  [
    "/shareon.min.css",
    [
      54740
    ]
  ],
  [
    "/sharer.js",
    [
      54741
    ]
  ],
  [
    "/shares/batch?",
    [
      54742
    ]
  ],
  [
    "/sharestats.cache.php?",
    [
      54743
    ]
  ],
  [
    "/sharethis-buttons.js",
    [
      54744
    ]
  ],
  [
    "/sharethis.js",
    [
      54745
    ]
  ],
  [
    "/shareThisIcons.png",
    [
      54746
    ]
  ],
  [
    "/sharetool.php?",
    [
      54747
    ]
  ],
  [
    "/shareTools.js",
    [
      54748
    ]
  ],
  [
    "/shareTT.js",
    [
      54749
    ]
  ],
  [
    "/Sharetw.png",
    [
      54750
    ]
  ],
  [
    "/sharetw_icon.png",
    [
      54751
    ]
  ],
  [
    "/shareTwitter.jpg",
    [
      54752
    ]
  ],
  [
    "/shareTwitter.png",
    [
      54753
    ]
  ],
  [
    "/shariff.complete.js",
    [
      54754
    ]
  ],
  [
    "/shariff.min.js",
    [
      54755
    ]
  ],
  [
    "/sharing-buttons.",
    [
      54756
    ]
  ],
  [
    "/sharing/sprites/*",
    [
      54757
    ]
  ],
  [
    "/sharing_icons/*",
    [
      54758
    ]
  ],
  [
    "/SharingBar/*",
    [
      54759
    ]
  ],
  [
    "/shr_btn_",
    [
      54760
    ]
  ],
  [
    "/shrMain.min.js",
    [
      54761
    ]
  ],
  [
    "/sidebar-facebook-",
    [
      54762
    ]
  ],
  [
    "/sidebar-follow.",
    [
      54763
    ]
  ],
  [
    "/sidebar-pinterest-",
    [
      54764
    ]
  ],
  [
    "/sidebar-social.",
    [
      54765
    ]
  ],
  [
    "/sidebar-twitter.",
    [
      54766
    ]
  ],
  [
    "/sidebar/social/*",
    [
      54767
    ]
  ],
  [
    "/sidebar_facebook.png",
    [
      54768
    ]
  ],
  [
    "/sidebar_twitter.png",
    [
      54769
    ]
  ],
  [
    "/silicon-counters.js",
    [
      54770
    ]
  ],
  [
    "/simple-share-$~stylesheet",
    [
      54771
    ]
  ],
  [
    "/simple-social-sharing/*$image",
    [
      54772
    ]
  ],
  [
    "/simpleshare.js",
    [
      54773
    ]
  ],
  [
    "/site/share/*",
    [
      54774
    ]
  ],
  [
    "/skm/assets/share/*",
    [
      54775
    ]
  ],
  [
    "/sm-share-",
    [
      54776
    ]
  ],
  [
    "/sm-youtube-",
    [
      54777
    ]
  ],
  [
    "/sm_share_",
    [
      54778
    ]
  ],
  [
    "/sme-facebook-$image",
    [
      54779
    ]
  ],
  [
    "/sn_share_",
    [
      54780
    ]
  ],
  [
    "/sns_naverband.",
    [
      54781
    ]
  ],
  [
    "/snstoolbar.",
    [
      54782
    ]
  ],
  [
    "/soc_bottom_",
    [
      54783
    ]
  ],
  [
    "/soc_facebook2.",
    [
      54784
    ]
  ],
  [
    "/socbutton/*",
    [
      54785
    ]
  ],
  [
    "/sociables/*",
    [
      54786
    ]
  ],
  [
    "/social-bar.",
    [
      54787
    ]
  ],
  [
    "/social-footer.jpg",
    [
      54788
    ]
  ],
  [
    "/social-footer.png",
    [
      54789
    ]
  ],
  [
    "/social-popup/*",
    [
      54790
    ]
  ],
  [
    "/social-proof-testimonials-slider/admin/js/slick-block-editor.js",
    [
      54791
    ]
  ],
  [
    "/Social-Sidebar.js",
    [
      54792
    ]
  ],
  [
    "/social-twit.png",
    [
      54793
    ]
  ],
  [
    "/social-twit.svg",
    [
      54794
    ]
  ],
  [
    "/social-url-generator.js",
    [
      54795
    ]
  ],
  [
    "/social-url-generator.minc.js",
    [
      54796
    ]
  ],
  [
    "/social-widgets-",
    [
      54797
    ]
  ],
  [
    "/social/sprite-",
    [
      54798
    ]
  ],
  [
    "/social2s.min.js",
    [
      54799
    ]
  ],
  [
    "/social_balloon-",
    [
      54800
    ]
  ],
  [
    "/social_black/*",
    [
      54801
    ]
  ],
  [
    "/social_bookmarking.png",
    [
      54802
    ]
  ],
  [
    "/social_bookmarking/*$image",
    [
      54803
    ]
  ],
  [
    "/social_bookmarks/*",
    [
      54804
    ]
  ],
  [
    "/social_footer.",
    [
      54805
    ]
  ],
  [
    "/social_header.",
    [
      54806
    ]
  ],
  [
    "/social_headers.",
    [
      54807
    ]
  ],
  [
    "/social_hovers.",
    [
      54808
    ]
  ],
  [
    "/social_hub/*",
    [
      54809
    ]
  ],
  [
    "/social_popup.",
    [
      54810
    ]
  ],
  [
    "/social_subscribe_",
    [
      54811
    ]
  ],
  [
    "/social_tools.",
    [
      54812
    ]
  ],
  [
    "/social_tube-",
    [
      54813
    ]
  ],
  [
    "/social_widget.$~stylesheet",
    [
      54814
    ]
  ],
  [
    "/social_widget/*",
    [
      54815
    ]
  ],
  [
    "/social_widget?",
    [
      54816
    ]
  ],
  [
    "/socialappsintegrator.",
    [
      54817
    ]
  ],
  [
    "/socialbadges.",
    [
      54818
    ]
  ],
  [
    "/socialbar-",
    [
      54819
    ]
  ],
  [
    "/socialbar.$~stylesheet",
    [
      54820
    ]
  ],
  [
    "/socialbar_",
    [
      54821
    ]
  ],
  [
    "/socialBarSprite.",
    [
      54822
    ]
  ],
  [
    "/SocialBookmark/*",
    [
      54823
    ]
  ],
  [
    "/socialbookmarkerbot_images/*",
    [
      54824
    ]
  ],
  [
    "/socialbookmarks.",
    [
      54825
    ]
  ],
  [
    "/socialbookmarks/*",
    [
      54826
    ]
  ],
  [
    "/socialcount.js",
    [
      54827
    ]
  ],
  [
    "/socialcount.min.js",
    [
      54828
    ]
  ],
  [
    "/socialcounters/*",
    [
      54829
    ]
  ],
  [
    "/socialcounts/*$script",
    [
      54830
    ]
  ],
  [
    "/socialCounts?",
    [
      54831
    ]
  ],
  [
    "/socialfacebookdark.",
    [
      54832
    ]
  ],
  [
    "/socialfooter.",
    [
      54833
    ]
  ],
  [
    "/socialFooterSprite.",
    [
      54834
    ]
  ],
  [
    "/socialgoogledark.",
    [
      54835
    ]
  ],
  [
    "/socialhomesprite2.",
    [
      54836
    ]
  ],
  [
    "/socialite.js",
    [
      54837
    ]
  ],
  [
    "/socialite.min.js",
    [
      54838
    ]
  ],
  [
    "/socialize/*$~stylesheet",
    [
      54839
    ]
  ],
  [
    "/sociallocker-",
    [
      54840
    ]
  ],
  [
    "/socialmediabuttons.",
    [
      54841
    ]
  ],
  [
    "/SocialMediaLink/*",
    [
      54842
    ]
  ],
  [
    "/socialmediasprite.png",
    [
      54843
    ]
  ],
  [
    "/socialnetwork-buttons/*",
    [
      54844
    ]
  ],
  [
    "/socialplugins/*",
    [
      54845
    ]
  ],
  [
    "/SocialSharePlugin.js",
    [
      54846
    ]
  ],
  [
    "/SocialSharePlugin.png",
    [
      54847
    ]
  ],
  [
    "/socialshares.js",
    [
      54848
    ]
  ],
  [
    "/socialsite/*",
    [
      54849
    ]
  ],
  [
    "/socialSmall/*",
    [
      54850
    ]
  ],
  [
    "/SocialSprite.",
    [
      54851
    ]
  ],
  [
    "/socialsprites.",
    [
      54852
    ]
  ],
  [
    "/socialstat?",
    [
      54853
    ]
  ],
  [
    "/socialtwitter1.png",
    [
      54854
    ]
  ],
  [
    "/socialwd/*",
    [
      54855
    ]
  ],
  [
    "/sociofluid/*$~script,~stylesheet",
    [
      54856
    ]
  ],
  [
    "/squaresocial-",
    [
      54857
    ]
  ],
  [
    "/stocktwits_share.png",
    [
      54858
    ]
  ],
  [
    "/synved-social/image/*",
    [
      54859
    ]
  ],
  [
    "/tabs/social/*",
    [
      54860
    ]
  ],
  [
    "/tarful-share-public.js",
    [
      54861
    ]
  ],
  [
    "/tools/newSideShare/*",
    [
      54862
    ]
  ],
  [
    "/tweet_footer.png",
    [
      54863
    ]
  ],
  [
    "/twfooter.png",
    [
      54864
    ]
  ],
  [
    "/twitbadge.jpg",
    [
      54865
    ]
  ],
  [
    "/twitter-follow-",
    [
      54866
    ]
  ],
  [
    "/twitter-footer-",
    [
      54867
    ]
  ],
  [
    "/twitter-v2.jpg",
    [
      54868
    ]
  ],
  [
    "/twitter-v2.png",
    [
      54869
    ]
  ],
  [
    "/twitter-widget.jpg",
    [
      54870
    ]
  ],
  [
    "/twitter-widget.png",
    [
      54871
    ]
  ],
  [
    "/twitter_badge.png",
    [
      54872
    ]
  ],
  [
    "/twitter_follow.jpg",
    [
      54873
    ]
  ],
  [
    "/twitter_follow.png",
    [
      54874
    ]
  ],
  [
    "/twitter_footer.jpg",
    [
      54875
    ]
  ],
  [
    "/twitter_footer.png",
    [
      54876
    ]
  ],
  [
    "/twitter_header.jpg",
    [
      54877
    ]
  ],
  [
    "/twitter_header.png",
    [
      54878
    ]
  ],
  [
    "/twitter_square.png",
    [
      54879
    ]
  ],
  [
    "/twitter_square.svg",
    [
      54880
    ]
  ],
  [
    "/twitterbadge.png",
    [
      54881
    ]
  ],
  [
    "/twitterfloat.js",
    [
      54882
    ]
  ],
  [
    "/twitterfollow.jpg",
    [
      54883
    ]
  ],
  [
    "/twitterfollow.png",
    [
      54884
    ]
  ],
  [
    "/twitterlib.js",
    [
      54885
    ]
  ],
  [
    "/twitteron.jpg",
    [
      54886
    ]
  ],
  [
    "/twitteron.png",
    [
      54887
    ]
  ],
  [
    "/twittersquare.png",
    [
      54888
    ]
  ],
  [
    "/videojs-share.js",
    [
      54889
    ]
  ],
  [
    "/viewboxTraffic_min.js",
    [
      54890
    ]
  ],
  [
    "/visual/social/*",
    [
      54891
    ]
  ],
  [
    "/vk_button.jpg",
    [
      54892
    ]
  ],
  [
    "/vk_button.png",
    [
      54893
    ]
  ],
  [
    "/weiboshare.html",
    [
      54894
    ]
  ],
  [
    "/whatsapp-button.js",
    [
      54895
    ]
  ],
  [
    "/whatsapp_button.php",
    [
      54896
    ]
  ],
  [
    "/whatsapp_icon.png",
    [
      54897
    ]
  ],
  [
    "/whatsappblogger.js",
    [
      54898
    ]
  ],
  [
    "/whatsappshare.jpg",
    [
      54899
    ]
  ],
  [
    "/whatsappshare.js",
    [
      54900
    ]
  ],
  [
    "/widget/share?",
    [
      54901
    ]
  ],
  [
    "/widget/share_",
    [
      54902
    ]
  ],
  [
    "/widgets/sharing-",
    [
      54903
    ]
  ],
  [
    "/widgets/socials/*",
    [
      54904
    ]
  ],
  [
    "/widgets/twitter/*",
    [
      54905
    ]
  ],
  [
    "/wordpress-popup/*$domain=ahchealthenews.com",
    [
      54906
    ]
  ],
  [
    "/wp-content/plugins/advanced-facebook-content-locker/*",
    [
      54907
    ]
  ],
  [
    "/wp-followme/*",
    [
      54908
    ]
  ],
  [
    "/wp-social-media-",
    [
      54909
    ]
  ],
  [
    "/wp-social-toolbar/*",
    [
      54910
    ]
  ],
  [
    "/xnapp/share/*",
    [
      54911
    ]
  ],
  [
    "/xsocial-icons.",
    [
      54912
    ]
  ],
  [
    "/xsocial_sprites_",
    [
      54913
    ]
  ],
  [
    "/ya-share.js",
    [
      54914
    ]
  ],
  [
    "_facebook_banner/",
    [
      54915
    ]
  ],
  [
    "_footer_share_",
    [
      54916
    ]
  ],
  [
    "_footer_socials.",
    [
      54917
    ]
  ],
  [
    "_footer_twitter.",
    [
      54918
    ]
  ],
  [
    "_header_share.",
    [
      54919
    ]
  ],
  [
    "_instagram_badge",
    [
      54920
    ]
  ],
  [
    "_instagram_hover.",
    [
      54921
    ]
  ],
  [
    "_mvsocialbuttons/",
    [
      54922
    ]
  ],
  [
    "_pinterest_square_",
    [
      54923
    ]
  ],
  [
    "_share_bookmark.",
    [
      54924
    ]
  ],
  [
    "_share_widget_",
    [
      54925
    ]
  ],
  [
    "_sharrre.php?",
    [
      54926
    ]
  ],
  [
    "_slideshare.",
    [
      54927
    ]
  ],
  [
    "_small_share.",
    [
      54928
    ]
  ],
  [
    "_sns-hatena.",
    [
      54929
    ]
  ],
  [
    "_sns_me2day.",
    [
      54930
    ]
  ],
  [
    "_social-bar/",
    [
      54931
    ]
  ],
  [
    "_social_badge_$~xmlhttprequest",
    [
      54932
    ]
  ],
  [
    "_social_bookmark/",
    [
      54933
    ]
  ],
  [
    "_social_bookmarks/",
    [
      54934
    ]
  ],
  [
    "_social_footer_",
    [
      54935
    ]
  ],
  [
    "_socialfancysliders/",
    [
      54936
    ]
  ],
  [
    "_socialmediabox_",
    [
      54937
    ]
  ],
  [
    "_socialtoggle.",
    [
      54938
    ]
  ],
  [
    "_sosyal_bar.",
    [
      54939
    ]
  ],
  [
    "_sp_social/",
    [
      54940
    ]
  ],
  [
    "_twitter_follow.",
    [
      54941
    ]
  ],
  [
    "/jquery.bpopup.$script,domain=telechargerunevideo.com",
    [
      54942
    ]
  ],
  [
    "/wp-content/plugins/videolock/*$script",
    [
      54943
    ]
  ],
  [
    "||addnow.com^$third-party",
    [
      54944
    ]
  ],
  [
    "||addthis.com^$third-party",
    [
      54945
    ]
  ],
  [
    "||addthiscdn.com^$domain=~addthis.com",
    [
      54946
    ]
  ],
  [
    "||addtoany.com^$third-party",
    [
      54947
    ]
  ],
  [
    "||assets.pinterest.com/js/pinit.js$third-party",
    [
      54948
    ]
  ],
  [
    "||assets.pinterest.com/pidget.html$third-party",
    [
      54949
    ]
  ],
  [
    "||b.hatena.ne.jp^$third-party",
    [
      54950
    ]
  ],
  [
    "||b.st-hatena.com/images/$image,third-party,domain=~b.hatena.ne.jp",
    [
      54951
    ]
  ],
  [
    "||b.st-hatena.com/js/$script,third-party,domain=~b.hatena.ne.jp",
    [
      54952
    ]
  ],
  [
    "||badge.facebook.com^$third-party",
    [
      54953
    ]
  ],
  [
    "||badges.instagram.com^$third-party",
    [
      54954
    ]
  ],
  [
    "||bloglovin.com/widget/$third-party",
    [
      54955
    ]
  ],
  [
    "||bshare.cn^$third-party",
    [
      54956
    ]
  ],
  [
    "||button-share.zalo.me^$third-party",
    [
      54957
    ]
  ],
  [
    "||button.like.co^$third-party",
    [
      54958
    ]
  ],
  [
    "||buttons.github.io/buttons.js$third-party",
    [
      54959
    ]
  ],
  [
    "||buttons.googlesyndication.com^$third-party",
    [
      54960
    ]
  ],
  [
    "||connect.ok.ru^$third-party",
    [
      54961
    ]
  ],
  [
    "||crowdynews.com^$third-party",
    [
      54962
    ]
  ],
  [
    "||dailymotion.com/badge/user/$third-party",
    [
      54963
    ]
  ],
  [
    "||digg.com^$script,subdocument,third-party",
    [
      54964
    ]
  ],
  [
    "||facebook.com/plugins/activity.php?$third-party",
    [
      54965
    ]
  ],
  [
    "||facebook.com/plugins/facepile.php?$third-party",
    [
      54966
    ]
  ],
  [
    "||facebook.com/plugins/fan.php?$third-party",
    [
      54967
    ]
  ],
  [
    "||facebook.com/plugins/follow.php$third-party",
    [
      54968
    ]
  ],
  [
    "||facebook.com/plugins/like.php?$third-party",
    [
      54969
    ]
  ],
  [
    "||facebook.com/plugins/like_box.php$third-party",
    [
      54970
    ]
  ],
  [
    "||facebook.com/plugins/likebox/$third-party",
    [
      54971
    ]
  ],
  [
    "||facebook.com/plugins/page.php?$third-party",
    [
      54972
    ]
  ],
  [
    "||facebook.com/plugins/recommendations.php?$third-party",
    [
      54973
    ]
  ],
  [
    "||facebook.com/plugins/send.php?$third-party",
    [
      54974
    ]
  ],
  [
    "||facebook.com/plugins/share_button.php?$third-party",
    [
      54975
    ]
  ],
  [
    "||facebook.com/plugins/subscribe.php$third-party",
    [
      54976
    ]
  ],
  [
    "||facebook.com/widgets/activity.php?$third-party",
    [
      54977
    ]
  ],
  [
    "||facebook.com/widgets/fan.php?$third-party",
    [
      54978
    ]
  ],
  [
    "||facebook.com/widgets/like.php?$third-party",
    [
      54979
    ]
  ],
  [
    "||facebook.com/widgets/recommendations.php?$third-party",
    [
      54980
    ]
  ],
  [
    "||facebook.com^*/plugins/like.php?$third-party",
    [
      54981
    ]
  ],
  [
    "||facebook.com^*/plugins/page.php?$third-party",
    [
      54982
    ]
  ],
  [
    "||facebook.com^*/plugins/share_button.php?$third-party",
    [
      54983
    ]
  ],
  [
    "||fark.com^$script,third-party",
    [
      54984
    ]
  ],
  [
    "||feedgrabbr.com/widget/",
    [
      54985
    ]
  ],
  [
    "||feedly.com/img/follows/$third-party",
    [
      54986
    ]
  ],
  [
    "||figshare.com^$third-party",
    [
      54987
    ]
  ],
  [
    "||filamentapp-assets.s3.amazonaws.com^$third-party",
    [
      54988
    ]
  ],
  [
    "||filamentapp.s3.amazonaws.com^$third-party",
    [
      54989
    ]
  ],
  [
    "||fireworkapi.com^$third-party",
    [
      54990
    ]
  ],
  [
    "||fireworkapi1.com^$third-party",
    [
      54991
    ]
  ],
  [
    "||fireworktv.com^$third-party",
    [
      54992
    ]
  ],
  [
    "||flipboard.com/web/buttons/$third-party",
    [
      54993
    ]
  ],
  [
    "||followistic.com^$third-party",
    [
      54994
    ]
  ],
  [
    "||friends2follow.com^$subdocument,third-party",
    [
      54995
    ]
  ],
  [
    "||fwcdn2.com^$third-party",
    [
      54996
    ]
  ],
  [
    "||fwcdn3.com^$third-party",
    [
      54997
    ]
  ],
  [
    "||getbutton.io/widget-send-button/$third-party",
    [
      54998
    ]
  ],
  [
    "||getsocial.io/widget/$third-party",
    [
      54999
    ]
  ],
  [
    "||getsocial.io^*/gs_async.js$third-party",
    [
      55000
    ]
  ],
  [
    "||google.com/_/+1/$third-party",
    [
      55001
    ]
  ],
  [
    "||google.com^*/fastbutton?$third-party",
    [
      55002
    ]
  ],
  [
    "||gotchosen.com^$third-party",
    [
      55003
    ]
  ],
  [
    "||gplusapi.appspot.com^$third-party",
    [
      55004
    ]
  ],
  [
    "||graph.facebook.com/fql?q=SELECT$third-party",
    [
      55005
    ]
  ],
  [
    "||handll.com^$third-party",
    [
      55006
    ]
  ],
  [
    "||hatena.ne.jp/entry/button/$third-party",
    [
      55007
    ]
  ],
  [
    "||herokuapp.com/button.html?$third-party",
    [
      55008
    ]
  ],
  [
    "||hn-button.herokuapp.com^$third-party",
    [
      55009
    ]
  ],
  [
    "||iconosquare.com/widget.php$third-party",
    [
      55010
    ]
  ],
  [
    "||insidesoci.al^$third-party",
    [
      55011
    ]
  ],
  [
    "||jit.su/frame$third-party",
    [
      55012
    ]
  ],
  [
    "||jsoon.digitiminimi.com^$third-party",
    [
      55013
    ]
  ],
  [
    "||karmacracy.com/widget$third-party",
    [
      55014
    ]
  ],
  [
    "||lessbuttons.com^$third-party",
    [
      55015
    ]
  ],
  [
    "||likebtn.com^$third-party",
    [
      55016
    ]
  ],
  [
    "||line-apps.com^*/thirdparty/$third-party",
    [
      55017
    ]
  ],
  [
    "||line.me/js/line-button.js?$third-party",
    [
      55018
    ]
  ],
  [
    "||linkedin.com/countserv/$third-party",
    [
      55019
    ]
  ],
  [
    "||linkedin.com/img/$third-party",
    [
      55020
    ]
  ],
  [
    "||linkedin.com/uas/js/userspace?$third-party",
    [
      55021
    ]
  ],
  [
    "||linksalpha.com^$third-party",
    [
      55022
    ]
  ],
  [
    "||loveclaw.com^$third-party",
    [
      55023
    ]
  ],
  [
    "||markerly.com^$third-party",
    [
      55024
    ]
  ],
  [
    "||massrelevance.com^$third-party",
    [
      55025
    ]
  ],
  [
    "||meebo.com^$third-party",
    [
      55026
    ]
  ],
  [
    "||meerkatapp.co/btn/$third-party",
    [
      55027
    ]
  ],
  [
    "||messengerpeople.com^$third-party",
    [
      55028
    ]
  ],
  [
    "||milotree.com^$third-party",
    [
      55029
    ]
  ],
  [
    "||newsharecounts.com^$third-party",
    [
      55030
    ]
  ],
  [
    "||opensharecount.com^$third-party",
    [
      55031
    ]
  ],
  [
    "||patreon.com/becomePatronButton.bundle.js$third-party",
    [
      55032
    ]
  ],
  [
    "||pepper.com^$third-party",
    [
      55033
    ]
  ],
  [
    "||pinterest.com/images/$third-party",
    [
      55034
    ]
  ],
  [
    "||pinterest.com/js/pinit_main.js$third-party",
    [
      55035
    ]
  ],
  [
    "||pinterest.com/v1/urls/count.json$third-party",
    [
      55036
    ]
  ],
  [
    "||platform.foursquare.com^$third-party",
    [
      55037
    ]
  ],
  [
    "||platform.linkedin.com^$third-party",
    [
      55038
    ]
  ],
  [
    "||platform.twitter.com/anywhere.js$third-party",
    [
      55039
    ]
  ],
  [
    "||platform.twitter.com/embed/$~stylesheet,~subdocument,third-party",
    [
      55040
    ]
  ],
  [
    "||platform.twitter.com/js/button.$third-party",
    [
      55041
    ]
  ],
  [
    "||po.st/share/$script",
    [
      55042
    ]
  ],
  [
    "||po.st/static/$third-party",
    [
      55043
    ]
  ],
  [
    "||reactandshare.com^$third-party",
    [
      55044
    ]
  ],
  [
    "||reddit.com/api/info.json?$third-party",
    [
      55045
    ]
  ],
  [
    "||reddit.com/button.js?$third-party",
    [
      55046
    ]
  ],
  [
    "||reddit.com/static/$third-party",
    [
      55047
    ]
  ],
  [
    "||revinate.com^$third-party",
    [
      55048
    ]
  ],
  [
    "||scoop.it^$third-party",
    [
      55049
    ]
  ],
  [
    "||share.itraffic.su^$third-party",
    [
      55050
    ]
  ],
  [
    "||share.static.skyrock.net^$third-party",
    [
      55051
    ]
  ],
  [
    "||shareaholic.com^$third-party",
    [
      55052
    ]
  ],
  [
    "||sharedcount.com^$third-party",
    [
      55053
    ]
  ],
  [
    "||sharethis.com^$third-party",
    [
      55054
    ]
  ],
  [
    "||sharexy.com^$third-party",
    [
      55055
    ]
  ],
  [
    "||sharpay.io^$third-party",
    [
      55056
    ]
  ],
  [
    "||shpg.org^$third-party",
    [
      55057
    ]
  ],
  [
    "||simplesharebuttons.com^$third-party",
    [
      55058
    ]
  ],
  [
    "||softwebzone.com^$third-party",
    [
      55059
    ]
  ],
  [
    "||spotify.com/follow/$third-party",
    [
      55060
    ]
  ],
  [
    "||statigr.am^$third-party",
    [
      55061
    ]
  ],
  [
    "||storeya.com/externalscript/$third-party",
    [
      55062
    ]
  ],
  [
    "||t.pridat.eu^$third-party",
    [
      55063
    ]
  ],
  [
    "||trendemon.com^$third-party",
    [
      55064
    ]
  ],
  [
    "||twinesocial.com^$third-party",
    [
      55065
    ]
  ],
  [
    "||twitter.com/account/$third-party",
    [
      55066
    ]
  ],
  [
    "||twitter.com/i/jot",
    [
      55067
    ]
  ],
  [
    "||twitter.com/js/timeline.$script,third-party",
    [
      55068
    ]
  ],
  [
    "||usocial.pro^$third-party",
    [
      55069
    ]
  ],
  [
    "||vk.com/share.php?$third-party",
    [
      55070
    ]
  ],
  [
    "||vk.com/widget_community.php$third-party",
    [
      55071
    ]
  ],
  [
    "||vk.com/widget_community_messages.php?$third-party",
    [
      55072
    ]
  ],
  [
    "||vk.com/widget_like.php$third-party",
    [
      55073
    ]
  ],
  [
    "||vkontakte.ru/js/api/$third-party,domain=~arudex.com|~tapclap.com|~ugo.ru|~vk.com",
    [
      55074
    ]
  ],
  [
    "||vkontakte.ru/share.php?$third-party",
    [
      55075
    ]
  ],
  [
    "||vkontakte.ru/widget_community.php$third-party",
    [
      55076
    ]
  ],
  [
    "||vkontakte.ru/widget_like.php$third-party",
    [
      55077
    ]
  ],
  [
    "||w.uptolike.com^$third-party",
    [
      55078
    ]
  ],
  [
    "||weibo.com/staticjs/weiboshare.html$third-party",
    [
      55079
    ]
  ],
  [
    "||widget.weibo.com^$third-party",
    [
      55080
    ]
  ],
  [
    "||widget.whatshelp.io^$third-party",
    [
      55081
    ]
  ],
  [
    "||widgets.getpocket.com^$third-party",
    [
      55082
    ]
  ],
  [
    "||widgets.wp.com/likes/$third-party",
    [
      55083
    ]
  ],
  [
    "||wykop.pl/dataprovider/diggerwidget/$third-party",
    [
      55084
    ]
  ],
  [
    "||xing-share.com^$third-party",
    [
      55085
    ]
  ],
  [
    "||xing.com/img/buttons/$third-party",
    [
      55086
    ]
  ],
  [
    "||yandex.st/share/",
    [
      55087
    ]
  ],
  [
    "||youtube.com/subscribe_embed?$third-party",
    [
      55088
    ]
  ],
  [
    "||youtube.com/subscribe_widget$third-party",
    [
      55089
    ]
  ],
  [
    "||zextit.com/partners/$third-party",
    [
      55090
    ]
  ],
  [
    "||ipaddress.com/shariff/",
    [
      55091
    ]
  ],
  [
    "||naturalnews.com/getviews2.",
    [
      55092
    ]
  ],
  [
    "||people.com.cn/img/2020fenxiang/",
    [
      55093
    ]
  ],
  [
    "||probook.bg/like?$third-party",
    [
      55094
    ]
  ],
  [
    "||pipeline.de/socialmedia-icons/",
    [
      55095
    ]
  ],
  [
    "||seitzeichen.de^$third-party",
    [
      55096
    ]
  ],
  [
    "||social-bookmarking-tools.de^$third-party",
    [
      55097
    ]
  ],
  [
    "||werkenntwen.de/images/buttons/$third-party",
    [
      55098
    ]
  ],
  [
    "||lequipe.fr/_nuxt/Share.",
    [
      55099
    ]
  ],
  [
    "||produits-asiatiques.com/annuaire/templates/coolor/images/facebook-faces.gif",
    [
      55100
    ]
  ],
  [
    "||almasryalyoum.com/scripts/sharing.js",
    [
      55101
    ]
  ],
  [
    "||stjegypt.com/uploads/stjnew.jpg",
    [
      55102
    ]
  ],
  [
    "||share.baidu.com^",
    [
      55103
    ]
  ],
  [
    "||fanclubbarcelona.nl/images/mediabuttons/",
    [
      55104
    ]
  ],
  [
    "||napolimagazine.com/web/img/iconefooter/",
    [
      55105
    ]
  ],
  [
    "||napolimagazine.com/web/img/iconetop/",
    [
      55106
    ]
  ],
  [
    "||nursetimes.org/wp-content/uploads/2016/01/telegram-banner.png",
    [
      55107
    ]
  ],
  [
    "||imyfone.com/assets/js/media_share/",
    [
      55108
    ]
  ],
  [
    "||ministop.co.jp/site_common/js/sns_",
    [
      55109
    ]
  ],
  [
    "||plugins.mixi.jp/favorite.pl?$third-party",
    [
      55110
    ]
  ],
  [
    "||taishurx.jp/js/web/sns_header.js",
    [
      55111
    ]
  ],
  [
    "||draugiem.lv/business/ext/fans/$third-party",
    [
      55112
    ]
  ],
  [
    "||draugiem.lv/business/ext/follow/$third-party",
    [
      55113
    ]
  ],
  [
    "||draugiem.lv/lapas/widgets/$third-party",
    [
      55114
    ]
  ],
  [
    "||draugiem.lv/say/ext/like.php$third-party",
    [
      55115
    ]
  ],
  [
    "||draugiem.lv/say/ext/recommend.php$third-party",
    [
      55116
    ]
  ],
  [
    "||draugiem.lv^*/js/fans/$third-party",
    [
      55117
    ]
  ],
  [
    "||sekomums.lv^$third-party",
    [
      55118
    ]
  ],
  [
    "||aventurasnahistoria.uol.com.br/static/socialmedia/",
    [
      55119
    ]
  ],
  [
    "||defatoonline.com.br/whatsapp.html",
    [
      55120
    ]
  ],
  [
    "||jcconcursos.com.br/static/socialmedia/",
    [
      55121
    ]
  ],
  [
    "||trrsf.com/transversais/trr_bar/$script",
    [
      55122
    ]
  ],
  [
    "||dni.ru^*/sotial-",
    [
      55123
    ]
  ],
  [
    "||russia.tv/js/modules/social-subscriber.js",
    [
      55124
    ]
  ],
  [
    "||spynews.ro/templates/default/img/face.png",
    [
      55125
    ]
  ],
  [
    "||vestifinance.ru/js/share.js",
    [
      55126
    ]
  ],
  [
    "@@/angular-facebook.js",
    [
      55127
    ]
  ],
  [
    "@@/wp-content/plugins/bwp-minify/min/?*,wp-content$script,stylesheet,~third-party",
    [
      55128
    ]
  ],
  [
    "@@/wp-content/plugins/share-this-image/*$~third-party",
    [
      55129
    ]
  ],
  [
    "@@/wp-content/plugins/socialauth-wp/*$~third-party",
    [
      55130
    ]
  ],
  [
    "@@/wp-content/plugins/wordpress-social-login/*$~third-party",
    [
      55131
    ]
  ],
  [
    "@@/wp-content/plugins/wp-minify/min/?*,wp-content$stylesheet",
    [
      55132
    ]
  ],
  [
    "@@/wp-content/plugins/wp-rocket/*$image,~third-party",
    [
      55133
    ]
  ],
  [
    "@@||3obieg.pl/wp-content/themes/sowe/css/content/$image",
    [
      55134
    ]
  ],
  [
    "@@||adguard.com/public/Adguard/Blog/Android/comparison/facebook_$image,domain=adguard.com",
    [
      55135
    ]
  ],
  [
    "@@||ahaan.co.uk^$~third-party,xmlhttprequest",
    [
      55136
    ]
  ],
  [
    "@@||answers.ros.org/m/default/media/images/socialsprite.png$~third-party",
    [
      55137
    ]
  ],
  [
    "@@||app.conceptboard.com^*/SocialIcons.js$xmlhttprequest",
    [
      55138
    ]
  ],
  [
    "@@||app.veggly.net/plugins/cordova-plugin-x-socialsharing/$script,~third-party",
    [
      55139
    ]
  ],
  [
    "@@||arcgis.com/apps/Nearby/app/components/Share/$~third-party",
    [
      55140
    ]
  ],
  [
    "@@||arhn.eu/wp-content/themes/socialize/$~third-party",
    [
      55141
    ]
  ],
  [
    "@@||assets.msn.com/bundles/*/social-bar-$~third-party",
    [
      55142
    ]
  ],
  [
    "@@||authy.com/wp-content/themes/authy/assets/images/icons/",
    [
      55143
    ]
  ],
  [
    "@@||brave.com/wp-content/uploads/$image,~third-party",
    [
      55144
    ]
  ],
  [
    "@@||cdn.flowplayer.com^*/share.min.js",
    [
      55145
    ]
  ],
  [
    "@@||comelitgroup.com/wp-content/themes/comelitgroup/includes/js/instafeed.min.js$~third-party",
    [
      55146
    ]
  ],
  [
    "@@||comelitgroup.com/wp-content/themes/comelitgroup/includes/js/SocialShare.min.js$~third-party",
    [
      55147
    ]
  ],
  [
    "@@||commonsensemedia.org/ajax/review/$~third-party,xmlhttprequest",
    [
      55148
    ]
  ],
  [
    "@@||d27rt3a60hh1lx.cloudfront.net/models/$domain=muse.place",
    [
      55149
    ]
  ],
  [
    "@@||digitrend.it/wonder-marketing/assets/wordpress/js/videojs-share.min.js?$script,domain=vrsicilia.it",
    [
      55150
    ]
  ],
  [
    "@@||enumizmatyczny.pl/modules/hifacebookconnect/$image",
    [
      55151
    ]
  ],
  [
    "@@||facebook.com^*/plugins/page.php?$domain=cieplikpodrozuje.pl|makulscy.com",
    [
      55152
    ]
  ],
  [
    "@@||fc-zenit.ru/local/templates/new_html/css/nav-social-2/$~third-party",
    [
      55153
    ]
  ],
  [
    "@@||findicons.com/files/icons/$~third-party",
    [
      55154
    ]
  ],
  [
    "@@||gen.jut.su/jcdn/minify?charset=*/videojs-share.$script,stylesheet,domain=jut.su",
    [
      55155
    ]
  ],
  [
    "@@||iconfinder.com/data/icons/$~third-party",
    [
      55156
    ]
  ],
  [
    "@@||iconizer.net/files/*_social_$image",
    [
      55157
    ]
  ],
  [
    "@@||iconspedia.com/icon/$image,~third-party",
    [
      55158
    ]
  ],
  [
    "@@||inscience.news/svc/getscript.aspx$script,~third-party",
    [
      55159
    ]
  ],
  [
    "@@||instagram.com/p/$subdocument,third-party",
    [
      55160
    ]
  ],
  [
    "@@||jsdelivr.net/npm/sharer.js",
    [
      55161
    ]
  ],
  [
    "@@||kinogoo.cc/engine/classes/min/index.php$~third-party,xmlhttprequest",
    [
      55162
    ]
  ],
  [
    "@@||livesicilia.it/wp-content/plugins/digistream/digiplayer/js/videojs-share.min.js?$script,~third-party",
    [
      55163
    ]
  ],
  [
    "@@||login.kataweb.it^*/sprite-social.png",
    [
      55164
    ]
  ],
  [
    "@@||logo.wine/a/logo/$image,~third-party",
    [
      55165
    ]
  ],
  [
    "@@||meltyblood.typelumina.com/resources/img/common/$image,~third-party",
    [
      55166
    ]
  ],
  [
    "@@||moneyweb.co.za^*/social-shares.min.js?",
    [
      55167
    ]
  ],
  [
    "@@||nhk.or.jp/common/sns/nol_share.js$script,~third-party",
    [
      55168
    ]
  ],
  [
    "@@||nuxt.com/_nuxt/SocialLinks.$script,~third-party",
    [
      55169
    ]
  ],
  [
    "@@||parlament.mt/scripts/easy-social-share.js",
    [
      55170
    ]
  ],
  [
    "@@||player.fm^*/social-icons/$image",
    [
      55171
    ]
  ],
  [
    "@@||pngrepo.com/png/$image,~third-party",
    [
      55172
    ]
  ],
  [
    "@@||politumor.ru/engine/classes/min/index.php?f=*/share42.js$script,~third-party",
    [
      55173
    ]
  ],
  [
    "@@||qds.it/wp-content/plugins/digistream/digiplayer/js/videojs-share.min.js?$script,~third-party",
    [
      55174
    ]
  ],
  [
    "@@||radio24.ilsole24ore.com/plugins/cordova-plugin-x-socialsharing/www/SocialSharing.js$script,~third-party",
    [
      55175
    ]
  ],
  [
    "@@||reactandshare.com/plugin/rns.js$domain=verkkouutiset.fi",
    [
      55176
    ]
  ],
  [
    "@@||s7.addthis.com^*/addthis_widget.js$domain=mediamatters.org|politico.com",
    [
      55177
    ]
  ],
  [
    "@@||sharethis.com/button/buttons.js$domain=bristan.com",
    [
      55178
    ]
  ],
  [
    "@@||softicons.com/download/$image",
    [
      55179
    ]
  ],
  [
    "@@||srf.ch/socialview-in/$~third-party",
    [
      55180
    ]
  ],
  [
    "@@||static.addtoany.com/menu/page.js$script,domain=suttonquebec.com",
    [
      55181
    ]
  ],
  [
    "@@||static.parastorage.com/services/editor-elements/dist/facebookshare.$script,third-party",
    [
      55182
    ]
  ],
  [
    "@@||supremacy1914.com/fileadmin/templates/$~third-party",
    [
      55183
    ]
  ],
  [
    "@@||svgrepo.com/show/$image,~third-party",
    [
      55184
    ]
  ],
  [
    "@@||tf1.fr/public/*-share-$script,~third-party",
    [
      55185
    ]
  ],
  [
    "@@||tgcom24.mediaset.it/assets/js/amd/socialcount.js",
    [
      55186
    ]
  ],
  [
    "@@||tgstat.ru/js/share2/share.js$script,~third-party",
    [
      55187
    ]
  ],
  [
    "@@||thecity.m24.ru/css/ya-share.css",
    [
      55188
    ]
  ],
  [
    "@@||thecompany.pl/graf/icons/youtube.png",
    [
      55189
    ]
  ],
  [
    "@@||toneden.io/production/javascripts/social.js$script,~third-party",
    [
      55190
    ]
  ],
  [
    "@@||tosdr.org/logo/$image",
    [
      55191
    ]
  ],
  [
    "@@||tweet.mapping.jp/data/czml/tweets.json$~third-party",
    [
      55192
    ]
  ],
  [
    "@@||vpobede.ru/assets/images/footer-social/$~third-party,xmlhttprequest",
    [
      55193
    ]
  ],
  [
    "@@||wettercomassets.com/wcomv5/images/footer/$domain=wetter.com",
    [
      55194
    ]
  ],
  [
    "@@||yap.ru/html/static/share/$image,~third-party",
    [
      55195
    ]
  ],
  [
    "@@||yaplakal.com/html/static/$image,~third-party",
    [
      55196
    ]
  ],
  [
    "@@||yastatic.net/share2/share.js$script",
    [
      55197
    ]
  ]
]