[
  [
    "-push-notification.$domain=~github.com",
    [
      559049
    ]
  ],
  [
    "-push-notification/$domain=~github.com",
    [
      559050
    ]
  ],
  [
    "/accusmartwebpush-fire-push-public.js",
    [
      559051
    ]
  ],
  [
    "/al-fb-notification/assets/scripts/al-main-script.js",
    [
      559052
    ]
  ],
  [
    "/amp-user-notification-",
    [
      559053
    ]
  ],
  [
    "/amp-web-push-0.1.js",
    [
      559054
    ]
  ],
  [
    "/assets/www/notification.",
    [
      559055
    ]
  ],
  [
    "/build/push.js",
    [
      559056
    ]
  ],
  [
    "/checkPush.js",
    [
      559057
    ]
  ],
  [
    "/content/js/push.js",
    [
      559058
    ]
  ],
  [
    "/fcmPush.js",
    [
      559059
    ]
  ],
  [
    "/FeedifySW.js",
    [
      559060
    ]
  ],
  [
    "/flying_push.js",
    [
      559061
    ]
  ],
  [
    "/ilabspush.min.js",
    [
      559062
    ]
  ],
  [
    "/inpl.webpush.js",
    [
      559063
    ]
  ],
  [
    "/jquery-notification.js",
    [
      559064
    ]
  ],
  [
    "/jsb/pushnotifications?",
    [
      559065
    ]
  ],
  [
    "/list_notificaciones.php",
    [
      559066
    ]
  ],
  [
    "/maximizly-push.js",
    [
      559067
    ]
  ],
  [
    "/modules/notifications.$domain=~forum.vivaldi.net",
    [
      559068
    ]
  ],
  [
    "/mp-web-notification.js",
    [
      559069
    ]
  ],
  [
    "/notification-prod-sw.js",
    [
      559070
    ]
  ],
  [
    "/notification-sw.js",
    [
      559071
    ]
  ],
  [
    "/notification/notify.js",
    [
      559072
    ]
  ],
  [
    "/notifyme.js",
    [
      559073
    ]
  ],
  [
    "/notifyme.min.js",
    [
      559074
    ]
  ],
  [
    "/one-signal.js",
    [
      559075
    ]
  ],
  [
    "/one-signal.min.js",
    [
      559076
    ]
  ],
  [
    "/onesignal.js",
    [
      559077
    ]
  ],
  [
    "/onesignal.min.",
    [
      559078
    ]
  ],
  [
    "/onesignal/manifest.",
    [
      559079
    ]
  ],
  [
    "/onesignalfix.js",
    [
      559080
    ]
  ],
  [
    "/OneSignalSDKUpdaterWorker.js",
    [
      559081
    ]
  ],
  [
    "/OneSignalSDKWorker.js",
    [
      559082
    ]
  ],
  [
    "/perfecty-push-sdk.min.js",
    [
      559083
    ]
  ],
  [
    "/plugins/tfnotifier-wp/swloader.php",
    [
      559084
    ]
  ],
  [
    "/push-notification.js",
    [
      559085
    ]
  ],
  [
    "/push-notification.min.js",
    [
      559086
    ]
  ],
  [
    "/push-notification/*$domain=~upwork.com",
    [
      559087
    ]
  ],
  [
    "/push-notifications.$~stylesheet",
    [
      559088
    ]
  ],
  [
    "/push-notifications/*",
    [
      559089
    ]
  ],
  [
    "/push-notifications?",
    [
      559090
    ]
  ],
  [
    "/push-sw.js",
    [
      559091
    ]
  ],
  [
    "/push-worker-$script",
    [
      559092
    ]
  ],
  [
    "/push-wrap.js",
    [
      559093
    ]
  ],
  [
    "/push/sbscr.js",
    [
      559094
    ]
  ],
  [
    "/push/sbscrp.js",
    [
      559095
    ]
  ],
  [
    "/push/subscribe.js",
    [
      559096
    ]
  ],
  [
    "/push_app.js",
    [
      559097
    ]
  ],
  [
    "/push_notification.js",
    [
      559098
    ]
  ],
  [
    "/push_notification.min.js",
    [
      559099
    ]
  ],
  [
    "/push_notification/*",
    [
      559100
    ]
  ],
  [
    "/push_notifications.js",
    [
      559101
    ]
  ],
  [
    "/push_subscription.js",
    [
      559102
    ]
  ],
  [
    "/pushes/firebase.js",
    [
      559103
    ]
  ],
  [
    "/pushes/notification.js",
    [
      559104
    ]
  ],
  [
    "/PushexSDK.js",
    [
      559105
    ]
  ],
  [
    "/pushly-sdk.min.js",
    [
      559106
    ]
  ],
  [
    "/pushNotification.js",
    [
      559107
    ]
  ],
  [
    "/pushNotifications.js",
    [
      559108
    ]
  ],
  [
    "/pushnotifications/*",
    [
      559109
    ]
  ],
  [
    "/pushNotificationSdkJS.js",
    [
      559110
    ]
  ],
  [
    "/pushpro-lib.js",
    [
      559111
    ]
  ],
  [
    "/pushsubscribe.js",
    [
      559112
    ]
  ],
  [
    "/pushup-notification/push-app.js",
    [
      559113
    ]
  ],
  [
    "/pushup-notification/push-messaging.js",
    [
      559114
    ]
  ],
  [
    "/pushv2.js",
    [
      559115
    ]
  ],
  [
    "/pushwoosh-service-worker.js",
    [
      559116
    ]
  ],
  [
    "/pushwoosh-web-notifications.js",
    [
      559117
    ]
  ],
  [
    "/pushwoosh-web-pushes-http-sdk.js",
    [
      559118
    ]
  ],
  [
    "/pushy-ver.js",
    [
      559119
    ]
  ],
  [
    "/scripts/onesignal.js",
    [
      559120
    ]
  ],
  [
    "/site-notification-desk.min.js",
    [
      559121
    ]
  ],
  [
    "/smio-push-notification/js/frontend_webpush.js",
    [
      559122
    ]
  ],
  [
    "/subscribe-push-notifications.js",
    [
      559123
    ]
  ],
  [
    "/web-push-notifications.js",
    [
      559124
    ]
  ],
  [
    "/web-push.js",
    [
      559125
    ]
  ],
  [
    "/web-push/init.min.js",
    [
      559126
    ]
  ],
  [
    "/webalert-notification.js",
    [
      559127
    ]
  ],
  [
    "/webnotf.js",
    [
      559128
    ]
  ],
  [
    "/webnotification.js",
    [
      559129
    ]
  ],
  [
    "/webpush-production.js",
    [
      559130
    ]
  ],
  [
    "/webpush.js",
    [
      559131
    ]
  ],
  [
    "/webpush.min.js",
    [
      559132
    ]
  ],
  [
    "/webpush_register.php",
    [
      559133
    ]
  ],
  [
    "/webPushNotifications.js",
    [
      559134
    ]
  ],
  [
    "/wonderpush-loader.min.js",
    [
      559135
    ]
  ],
  [
    "/wonderpush.js",
    [
      559136
    ]
  ],
  [
    "/wonderpush.min.js",
    [
      559137
    ]
  ],
  [
    "/wordpress-fire-push-public.js",
    [
      559138
    ]
  ],
  [
    "/wp-notification-bars-public.js",
    [
      559139
    ]
  ],
  [
    "/app-banner/*$xmlhttprequest",
    [
      559140
    ]
  ],
  [
    "/jquery.androidbanner.js",
    [
      559141
    ]
  ],
  [
    "/js-mobile-*/header_$script",
    [
      559142
    ]
  ],
  [
    "/js/jquery.smartbanner.js|",
    [
      559143
    ]
  ],
  [
    "/js/jquery.smartbanner.min.js|",
    [
      559144
    ]
  ],
  [
    "/mobile-welcome-overlay/*$script",
    [
      559145
    ]
  ],
  [
    "/smart-app-banner.js",
    [
      559146
    ]
  ],
  [
    "||api-push.com^$third-party",
    [
      559147
    ]
  ],
  [
    "||azureedge.net/js/cookie_notificacao.min.js",
    [
      559148
    ]
  ],
  [
    "||bildirnet.com^$third-party",
    [
      559149
    ]
  ],
  [
    "||braze.com^$third-party",
    [
      559150
    ]
  ],
  [
    "||cappushino.com^$third-party",
    [
      559151
    ]
  ],
  [
    "||cdn.qgr.ph^$third-party",
    [
      559152
    ]
  ],
  [
    "||cdn.qgraph.io^$third-party",
    [
      559153
    ]
  ],
  [
    "||centrnotify.com^$third-party",
    [
      559154
    ]
  ],
  [
    "||checke.biz^$third-party",
    [
      559155
    ]
  ],
  [
    "||confirmit.com^$third-party",
    [
      559156
    ]
  ],
  [
    "||conforama-push.com^$third-party",
    [
      559157
    ]
  ],
  [
    "||contentsitesrv.com/js/push/$third-party",
    [
      559158
    ]
  ],
  [
    "||css.xjsx.lol^$third-party",
    [
      559159
    ]
  ],
  [
    "||digipush.io^$third-party",
    [
      559160
    ]
  ],
  [
    "||dpns-notifications.com^$third-party",
    [
      559161
    ]
  ],
  [
    "||easyfeeed.com^$third-party",
    [
      559162
    ]
  ],
  [
    "||evolok.net^$third-party",
    [
      559163
    ]
  ],
  [
    "||farteniuson.com^$third-party",
    [
      559164
    ]
  ],
  [
    "||getnotification.me^$third-party",
    [
      559165
    ]
  ],
  [
    "||irpush.com^$third-party",
    [
      559166
    ]
  ],
  [
    "||jubi.ai/buttonbot/$script,third-party",
    [
      559167
    ]
  ],
  [
    "||krakenoptimize.com^$third-party",
    [
      559168
    ]
  ],
  [
    "||luravius.com^$third-party",
    [
      559169
    ]
  ],
  [
    "||medallia.com^*/onsite/embed.js",
    [
      559170
    ]
  ],
  [
    "||neopush.io^$third-party",
    [
      559171
    ]
  ],
  [
    "||news2day.me^$third-party",
    [
      559172
    ]
  ],
  [
    "||newsmemory.com/?meter",
    [
      559173
    ]
  ],
  [
    "||notification-time.com^$third-party",
    [
      559174
    ]
  ],
  [
    "||notification.tubecup.net^",
    [
      559175
    ]
  ],
  [
    "||notifications.ltd^$third-party",
    [
      559176
    ]
  ],
  [
    "||notifstation.com^$third-party",
    [
      559177
    ]
  ],
  [
    "||notix.io^$third-party",
    [
      559178
    ]
  ],
  [
    "||ntvsw.com^$third-party",
    [
      559179
    ]
  ],
  [
    "||partishion.com^$third-party",
    [
      559180
    ]
  ],
  [
    "||pathlime.com^$third-party",
    [
      559181
    ]
  ],
  [
    "||popmechanic.ru^$third-party",
    [
      559182
    ]
  ],
  [
    "||propush.net^$third-party",
    [
      559183
    ]
  ],
  [
    "||pt.appirits.com^$third-party",
    [
      559184
    ]
  ],
  [
    "||puscomosca.com^$third-party",
    [
      559185
    ]
  ],
  [
    "||push-centr.com^$third-party",
    [
      559186
    ]
  ],
  [
    "||push-centr.net^$third-party",
    [
      559187
    ]
  ],
  [
    "||push-engage.com^$third-party",
    [
      559188
    ]
  ],
  [
    "||push-notifications.top^$third-party",
    [
      559189
    ]
  ],
  [
    "||push-pro.net^$third-party",
    [
      559190
    ]
  ],
  [
    "||push.asahiinteractive.com^",
    [
      559191
    ]
  ],
  [
    "||push.bytesignal.com^",
    [
      559192
    ]
  ],
  [
    "||push.daksham.in^$third-party",
    [
      559193
    ]
  ],
  [
    "||push.delivery.ethinking.de^",
    [
      559194
    ]
  ],
  [
    "||push.delivery^$third-party",
    [
      559195
    ]
  ],
  [
    "||push.esputnik.com^",
    [
      559196
    ]
  ],
  [
    "||push.getbeamer.com^",
    [
      559197
    ]
  ],
  [
    "||push.knd.ro^",
    [
      559198
    ]
  ],
  [
    "||push.newscraft.io^",
    [
      559199
    ]
  ],
  [
    "||push.reamaze.com^",
    [
      559200
    ]
  ],
  [
    "||push.rollout.io^$third-party",
    [
      559201
    ]
  ],
  [
    "||push.world^$third-party",
    [
      559202
    ]
  ],
  [
    "||pushaddict.com^$third-party",
    [
      559203
    ]
  ],
  [
    "||pushango.com^$third-party",
    [
      559204
    ]
  ],
  [
    "||pushassist.com^$third-party",
    [
      559205
    ]
  ],
  [
    "||pushaya.com^$third-party",
    [
      559206
    ]
  ],
  [
    "||pushbaza.com^$third-party",
    [
      559207
    ]
  ],
  [
    "||pushbots.com^$third-party",
    [
      559208
    ]
  ],
  [
    "||pushbox.info^$third-party",
    [
      559209
    ]
  ],
  [
    "||pushcentr.com^$third-party",
    [
      559210
    ]
  ],
  [
    "||pushchev.info^$third-party",
    [
      559211
    ]
  ],
  [
    "||pushcrew.com^$third-party",
    [
      559212
    ]
  ],
  [
    "||pushdealer.com^$third-party",
    [
      559213
    ]
  ],
  [
    "||pushe.co^$third-party",
    [
      559214
    ]
  ],
  [
    "||pusherapp.com^$third-party",
    [
      559215
    ]
  ],
  [
    "||pushinpage.com^$third-party",
    [
      559216
    ]
  ],
  [
    "||pushinstruments.com^$third-party",
    [
      559217
    ]
  ],
  [
    "||pushio.com^$third-party",
    [
      559218
    ]
  ],
  [
    "||pushjunky.com^$third-party",
    [
      559219
    ]
  ],
  [
    "||pushkahouse.com^$third-party",
    [
      559220
    ]
  ],
  [
    "||pushkaplus.com^$third-party",
    [
      559221
    ]
  ],
  [
    "||pushly.com^$third-party",
    [
      559222
    ]
  ],
  [
    "||pushmaster-cdn.xyz^$third-party",
    [
      559223
    ]
  ],
  [
    "||pushmejs.com^$third-party",
    [
      559224
    ]
  ],
  [
    "||pushnews.eu^$third-party",
    [
      559225
    ]
  ],
  [
    "||pushnotifications.click^$third-party",
    [
      559226
    ]
  ],
  [
    "||pushouse.com^$third-party",
    [
      559227
    ]
  ],
  [
    "||pushowl.com^$third-party",
    [
      559228
    ]
  ],
  [
    "||pushpad.xyz^$third-party",
    [
      559229
    ]
  ],
  [
    "||pushpanda.io^$third-party",
    [
      559230
    ]
  ],
  [
    "||pushpro.io^$third-party",
    [
      559231
    ]
  ],
  [
    "||pushprofit.ru^$third-party",
    [
      559232
    ]
  ],
  [
    "||pushprospush.com^$third-party",
    [
      559233
    ]
  ],
  [
    "||pushpushgo.com^$third-party",
    [
      559234
    ]
  ],
  [
    "||pushstack.it^$third-party",
    [
      559235
    ]
  ],
  [
    "||pushtide.com^$third-party",
    [
      559236
    ]
  ],
  [
    "||pushvip.ru^$third-party",
    [
      559237
    ]
  ],
  [
    "||pushwhy.com^$third-party",
    [
      559238
    ]
  ],
  [
    "||pushy.ai^$third-party",
    [
      559239
    ]
  ],
  [
    "||quarepush.com^$third-party",
    [
      559240
    ]
  ],
  [
    "||quaruzon.com^$third-party",
    [
      559241
    ]
  ],
  [
    "||realpush.media^$third-party",
    [
      559242
    ]
  ],
  [
    "||realpush.network^$third-party",
    [
      559243
    ]
  ],
  [
    "||revpusher.com^$third-party",
    [
      559244
    ]
  ],
  [
    "||sckxppzdm.com^$third-party",
    [
      559245
    ]
  ],
  [
    "||signaly.co^$third-party",
    [
      559246
    ]
  ],
  [
    "||snrcdn.net^$third-party",
    [
      559247
    ]
  ],
  [
    "||spacepush.ru^$third-party",
    [
      559248
    ]
  ],
  [
    "||system-notify.app^$third-party",
    [
      559249
    ]
  ],
  [
    "||ternairsoftware.com/publicwebpush/",
    [
      559250
    ]
  ],
  [
    "||topswp.com^$third-party",
    [
      559251
    ]
  ],
  [
    "||unative.com^$third-party",
    [
      559252
    ]
  ],
  [
    "||viafoura.net/push_handlers.js",
    [
      559253
    ]
  ],
  [
    "||virtualpushplatform.com^$third-party",
    [
      559254
    ]
  ],
  [
    "||webpush.jp^$third-party",
    [
      559255
    ]
  ],
  [
    "||webpushr.com^$third-party",
    [
      559256
    ]
  ],
  [
    "||webpushs.com^$third-party",
    [
      559257
    ]
  ],
  [
    "||whitepush.biz^$third-party",
    [
      559258
    ]
  ],
  [
    "||worldpush.co^$third-party",
    [
      559259
    ]
  ],
  [
    "||wps.relateddigital.com^$third-party",
    [
      559260
    ]
  ],
  [
    "||wpush.biz^$third-party",
    [
      559261
    ]
  ],
  [
    "||wpushsdk.com^$third-party",
    [
      559262
    ]
  ],
  [
    "||xedo.me^$third-party",
    [
      559263
    ]
  ],
  [
    "||youlead.pl/webpushprompt.js",
    [
      559264
    ]
  ],
  [
    "||accengage.net^$third-party",
    [
      559265
    ]
  ],
  [
    "||actirinius.com^$third-party",
    [
      559266
    ]
  ],
  [
    "||aimtell.com^$third-party",
    [
      559267
    ]
  ],
  [
    "||alertme.news^$third-party",
    [
      559268
    ]
  ],
  [
    "||amazonaws.com/cdn.aimtell.com/",
    [
      559269
    ]
  ],
  [
    "||aswpsdkeu.com^$third-party",
    [
      559270
    ]
  ],
  [
    "||aswpsdkus.com^$third-party",
    [
      559271
    ]
  ],
  [
    "||bildirt.com^$third-party",
    [
      559272
    ]
  ],
  [
    "||bosspush.com^$third-party",
    [
      559273
    ]
  ],
  [
    "||browserpusher.com^$third-party",
    [
      559274
    ]
  ],
  [
    "||cdn-sitegainer.com^$third-party",
    [
      559275
    ]
  ],
  [
    "||cleverpush.com^$third-party",
    [
      559276
    ]
  ],
  [
    "||copush.com^$third-party",
    [
      559277
    ]
  ],
  [
    "||cracataum.com^$third-party",
    [
      559278
    ]
  ],
  [
    "||danorenius.com^$third-party",
    [
      559279
    ]
  ],
  [
    "||digitalpush.org^$third-party",
    [
      559280
    ]
  ],
  [
    "||edrone.me^$third-party",
    [
      559281
    ]
  ],
  [
    "||face-push.com^$third-party",
    [
      559282
    ]
  ],
  [
    "||feedify.net^$third-party",
    [
      559283
    ]
  ],
  [
    "||feraciumus.com^$third-party",
    [
      559284
    ]
  ],
  [
    "||fernomius.com^$third-party",
    [
      559285
    ]
  ],
  [
    "||fkondate.com^$third-party",
    [
      559286
    ]
  ],
  [
    "||foxpush.com^$third-party",
    [
      559287
    ]
  ],
  [
    "||foxpush.net^$third-party",
    [
      559288
    ]
  ],
  [
    "||getback.ch^$third-party",
    [
      559289
    ]
  ],
  [
    "||getpush.net^$third-party",
    [
      559290
    ]
  ],
  [
    "||getpushmonkey.com^$third-party",
    [
      559291
    ]
  ],
  [
    "||gravitec.net^$third-party",
    [
      559292
    ]
  ],
  [
    "||heroesdom.com^$third-party",
    [
      559293
    ]
  ],
  [
    "||jeeng.com^$third-party",
    [
      559294
    ]
  ],
  [
    "||kattepush.com^$third-party",
    [
      559295
    ]
  ],
  [
    "||master-push.com^$third-party",
    [
      559296
    ]
  ],
  [
    "||master-push.net^$third-party",
    [
      559297
    ]
  ],
  [
    "||misrepush.com^$third-party",
    [
      559298
    ]
  ],
  [
    "||moengage.com^$third-party",
    [
      559299
    ]
  ],
  [
    "||mp3vizor.com^$third-party",
    [
      559300
    ]
  ],
  [
    "||najva.com^$third-party",
    [
      559301
    ]
  ],
  [
    "||nativesubscribe.pro^$third-party",
    [
      559302
    ]
  ],
  [
    "||notifadz.com^$third-party",
    [
      559303
    ]
  ],
  [
    "||notifpush.com^$third-party",
    [
      559304
    ]
  ],
  [
    "||notify.solutions^$third-party",
    [
      559305
    ]
  ],
  [
    "||olgtex.com^$third-party",
    [
      559306
    ]
  ],
  [
    "||on-push.com^$third-party",
    [
      559307
    ]
  ],
  [
    "||onepush.app^$third-party",
    [
      559308
    ]
  ],
  [
    "||provesrc.com^$third-party",
    [
      559309
    ]
  ],
  [
    "||psh.one^$third-party",
    [
      559310
    ]
  ],
  [
    "||push-ad.com^$third-party",
    [
      559311
    ]
  ],
  [
    "||push-free.com^$third-party",
    [
      559312
    ]
  ],
  [
    "||push-house.net^$third-party",
    [
      559313
    ]
  ],
  [
    "||pushalert.co^$third-party",
    [
      559314
    ]
  ],
  [
    "||pushbird.com^$third-party",
    [
      559315
    ]
  ],
  [
    "||pushbullet.com^$third-party",
    [
      559316
    ]
  ],
  [
    "||pushengage.com^$third-party",
    [
      559317
    ]
  ],
  [
    "||pushex.io^$third-party",
    [
      559318
    ]
  ],
  [
    "||pushible.com^$third-party",
    [
      559319
    ]
  ],
  [
    "||pushify.com^$third-party",
    [
      559320
    ]
  ],
  [
    "||pushwoosh.com^$third-party",
    [
      559321
    ]
  ],
  [
    "||reprocautious.com^$third-party",
    [
      559322
    ]
  ],
  [
    "||sendpulse.com^$third-party",
    [
      559323
    ]
  ],
  [
    "||setrowid.com^$third-party",
    [
      559324
    ]
  ],
  [
    "||shroughtened.com^$third-party",
    [
      559325
    ]
  ],
  [
    "||sm-epsilon.com^$third-party",
    [
      559326
    ]
  ],
  [
    "||snd.tc^$third-party",
    [
      559327
    ]
  ],
  [
    "||subscribers.com^$third-party",
    [
      559328
    ]
  ],
  [
    "||truenat.bid^$third-party",
    [
      559329
    ]
  ],
  [
    "||truepush.com^$third-party",
    [
      559330
    ]
  ],
  [
    "||urbanairship.com^$third-party",
    [
      559331
    ]
  ],
  [
    "||viapush.com^$third-party",
    [
      559332
    ]
  ],
  [
    "||webpu.sh^$third-party",
    [
      559333
    ]
  ],
  [
    "||whiteclick.biz^$third-party",
    [
      559334
    ]
  ],
  [
    "||wnpbdan.bid^$third-party",
    [
      559335
    ]
  ],
  [
    "||wonderpush.com^$third-party",
    [
      559336
    ]
  ],
  [
    "||wwclicknews.club^$third-party",
    [
      559337
    ]
  ],
  [
    "||wwclicktm.club^$third-party",
    [
      559338
    ]
  ],
  [
    "||xtremepush.com^$third-party",
    [
      559339
    ]
  ],
  [
    "||app.adjust.net.in/smart_banner",
    [
      559340
    ]
  ],
  [
    "||mobi24.net^$third-party",
    [
      559341
    ]
  ],
  [
    "/firebase-messaging.js$script,domain=tribunnews.com",
    [
      559342
    ]
  ],
  [
    "||9to5terminal.com/push.js",
    [
      559343
    ]
  ],
  [
    "||abendpoint.com/dist/js/push.js",
    [
      559344
    ]
  ],
  [
    "||alerts.ndtv.com^",
    [
      559345
    ]
  ],
  [
    "||alerts.thedailystar.net^",
    [
      559346
    ]
  ],
  [
    "||alibaba.com/sw.js",
    [
      559347
    ]
  ],
  [
    "||annahar.com/assets/js/notifications.js",
    [
      559348
    ]
  ],
  [
    "||astian.org/?push_notification_sw",
    [
      559349
    ]
  ],
  [
    "||bdstatic.com/linksubmit/push.js",
    [
      559350
    ]
  ],
  [
    "||bigbangnews.com/sw.js",
    [
      559351
    ]
  ],
  [
    "||dailymail.co.uk/api/web-push-notification/",
    [
      559352
    ]
  ],
  [
    "||gadgetsnow.com/sw.cms",
    [
      559353
    ]
  ],
  [
    "||gstatic.com/firebasejs/$domain=joins.com",
    [
      559354
    ]
  ],
  [
    "||hindustantimes.com/messaging-sw.js",
    [
      559355
    ]
  ],
  [
    "||hindustantimes.com/sw.js",
    [
      559356
    ]
  ],
  [
    "||hindustantimes.com^*/ht-notification-",
    [
      559357
    ]
  ],
  [
    "||hulkprod.anm.co.uk/api/web-push-notification/",
    [
      559358
    ]
  ],
  [
    "||imyfone.com/*/notification/$script",
    [
      559359
    ]
  ],
  [
    "||indiatimes.com/pn/",
    [
      559360
    ]
  ],
  [
    "||iol.co.za/sw.js",
    [
      559361
    ]
  ],
  [
    "||kogan.com/sw.js",
    [
      559362
    ]
  ],
  [
    "||latestdeals.co.uk/sw.js",
    [
      559363
    ]
  ],
  [
    "||msn.com/bundles/v1/homePage/latest/experiences_conditional-banner",
    [
      559364
    ]
  ],
  [
    "||ndtv.com/js/breaking_pushalert_revised.js",
    [
      559365
    ]
  ],
  [
    "||ndtv.com/sw.js",
    [
      559366
    ]
  ],
  [
    "||newsukraine.rbc.ua/sworker.js",
    [
      559367
    ]
  ],
  [
    "||nookazon.com/firebase-messaging-sw.js",
    [
      559368
    ]
  ],
  [
    "||notify.hindustantimes.com^",
    [
      559369
    ]
  ],
  [
    "||phys.org/push-sw.js",
    [
      559370
    ]
  ],
  [
    "||push.cnnindonesia.com^",
    [
      559371
    ]
  ],
  [
    "||push.ictsd.org^",
    [
      559372
    ]
  ],
  [
    "||renaultsport.com/spip.php?page=sw.js",
    [
      559373
    ]
  ],
  [
    "||rottentomatoes.com/service-worker/sw.js",
    [
      559374
    ]
  ],
  [
    "||rt.com/homescreen-sw.js",
    [
      559375
    ]
  ],
  [
    "||sammobile.com/wp-content/plugins/sam-push-notifications/",
    [
      559376
    ]
  ],
  [
    "||scmp.com/sw.js",
    [
      559377
    ]
  ],
  [
    "||seattletimes.com/wp-content/plugins/st-user-messaging/$script",
    [
      559378
    ]
  ],
  [
    "||sportskeeda.com/js/production/web-notifications/",
    [
      559379
    ]
  ],
  [
    "||techwalla.com/push-service-worker.js",
    [
      559380
    ]
  ],
  [
    "||telegraphindia.com/akam-sw.js",
    [
      559381
    ]
  ],
  [
    "||timesnownews.com/sw.js",
    [
      559382
    ]
  ],
  [
    "||ultimedia.com/js/common/notification.js",
    [
      559383
    ]
  ],
  [
    "||weather.com/*.MedalliaSurvey.",
    [
      559384
    ]
  ],
  [
    "||0564.ua/assets/d6ade384/js/alertsWidget.js",
    [
      559385
    ]
  ],
  [
    "||ad-hoc-news.de/js/push.js",
    [
      559386
    ]
  ],
  [
    "||agazeta.com.br/assets/javascript/notification.js",
    [
      559387
    ]
  ],
  [
    "||cnnindonesia.com/sw.js",
    [
      559388
    ]
  ],
  [
    "||dcnews.ro/sm-",
    [
      559389
    ]
  ],
  [
    "||elpais.com.uy/utms.js",
    [
      559390
    ]
  ],
  [
    "||flashscore.fr^*/build/notifications.",
    [
      559391
    ]
  ],
  [
    "||futura-sciences.com/clientscript/push.js",
    [
      559392
    ]
  ],
  [
    "||horoscope.fr/notifications/",
    [
      559393
    ]
  ],
  [
    "||metrobilbao.eus/firebase-messaging-sw.js",
    [
      559394
    ]
  ],
  [
    "||push.idowa.de^",
    [
      559395
    ]
  ],
  [
    "||push.neko-san.fr^",
    [
      559396
    ]
  ],
  [
    "||pushme.magellanotech.it^",
    [
      559397
    ]
  ],
  [
    "||tio.ch/js/api.push.js",
    [
      559398
    ]
  ],
  [
    "||tutto.tv/wp-content/plugins/plugin-notifiche-",
    [
      559399
    ]
  ],
  [
    "||uchubiz.com/wp-content/themes/uchubiz/assets/js/push.js",
    [
      559400
    ]
  ],
  [
    "||winnipegfreepress.com/firebase-messaging-sw.js",
    [
      559401
    ]
  ],
  [
    "||static.chrono24.com/lib/generated/js/app-hint-layer.",
    [
      559402
    ]
  ],
  [
    "||tapcart.com/mobile-download-banner/banner-min.js",
    [
      559403
    ]
  ],
  [
    "@@||bostonherald.com^*/webpush.js$script,~third-party",
    [
      559404
    ]
  ],
  [
    "@@||braze.com/api/$domain=deezer.com",
    [
      559405
    ]
  ],
  [
    "@@||forums.opera.com/assets/src/modules/notifications.js$~third-party",
    [
      559406
    ]
  ],
  [
    "@@||inevent.com/js/wizard/pushNotification.js$script,~third-party",
    [
      559407
    ]
  ],
  [
    "@@||learner.mycreds.ca/assets/js/modules/notifications.min.js$~third-party",
    [
      559408
    ]
  ],
  [
    "@@||ledevoir.com/js/web-push.js$script,~third-party",
    [
      559409
    ]
  ],
  [
    "@@||oakley.com^*/notifications.js$~third-party",
    [
      559410
    ]
  ],
  [
    "@@||paste.crdroid.net/assets/js/modules/notifications.js$script,~third-party",
    [
      559411
    ]
  ],
  [
    "@@||snrcdn.net/sdk/3.0/synerise-javascript-sdk.min.js$domain=komputronik.pl",
    [
      559412
    ]
  ],
  [
    "@@||st.mycdn.me/static/*/WebPush.js$script,domain=ok.ru",
    [
      559413
    ]
  ],
  [
    "@@||webpush.jp/js/browserpushv3.js$domain=zakzak.co.jp",
    [
      559414
    ]
  ],
  [
    "@@||anadolu.edu.tr/assets/js/jquery.smartbanner.js$~third-party",
    [
      559415
    ]
  ],
  [
    "@@||assure.ameli.fr^*/smart-app-banner.js$~third-party",
    [
      559416
    ]
  ],
  [
    "@@||mafia.ua/js/jquery.smartbanner.js$script,~third-party",
    [
      559417
    ]
  ],
  [
    "@@||mirage.ru/js/jquery.smartbanner.js$script,~third-party",
    [
      559418
    ]
  ]
]