[
  [
    "sleeknotestaticcontent.sleeknote.com",
    [
      1104145
    ]
  ],
  [
    "||js.driftt.com/include$script",
    [
      1104146
    ]
  ],
  [
    "||assets.ubembed.com/universal$script",
    [
      1104147
    ]
  ],
  [
    "||lightboxcdn.com/vendor$script",
    [
      1104148
    ]
  ],
  [
    "||mailocator.net/_/$script",
    [
      1104149
    ]
  ],
  [
    "cdn1.pdmntn.com",
    [
      1104150
    ]
  ],
  [
    "||static.mailerlite.com/js$script",
    [
      1104151
    ]
  ],
  [
    "||pmdstatic.net/bundle.php$script",
    [
      1104152
    ]
  ],
  [
    "||front.optimonk.com/public/$script",
    [
      1104153
    ]
  ],
  [
    "/wp-content/plugins/newsletter-leads",
    [
      1104154
    ]
  ],
  [
    "||downloads.mailchimp.com/js/signup-forms$script",
    [
      1104155
    ]
  ],
  [
    "||conduit.mailchimpapp.com/js/stores$script",
    [
      1104156
    ]
  ],
  [
    "||a.optmnstr.com/app/js/$script",
    [
      1104157
    ]
  ],
  [
    "||getsocial.io/client$script",
    [
      1104158
    ]
  ],
  [
    "||static.ctctcdn.com/js/signup-form-widget$script,domain=~centerforhealthsecurity.org",
    [
      1104159
    ]
  ],
  [
    "||cdn.justuno.com/mwgt$script",
    [
      1104160
    ]
  ],
  [
    "||a.mailmunch.co/app/$script",
    [
      1104161
    ]
  ],
  [
    "/newsletterPopup.js",
    [
      1104162
    ]
  ],
  [
    "/pmgnews/overlay/newsletter",
    [
      1104163
    ]
  ],
  [
    "||dotmailer-surveys.com/scripts/survey.js$script",
    [
      1104164
    ]
  ],
  [
    "||yieldify.com/yieldify/code.js$script",
    [
      1104165
    ]
  ],
  [
    "||widget.privy.com/assets/widget.js$script",
    [
      1104166
    ]
  ],
  [
    "sumo.b-cdn.net",
    [
      1104167
    ]
  ],
  [
    "||connect.nosto.com/include$script",
    [
      1104168
    ]
  ],
  [
    "||chimpstatic.com/mcjs-connected/js/users$script",
    [
      1104169
    ]
  ],
  [
    "||assets.pcrl.co/js/$script",
    [
      1104170
    ]
  ],
  [
    "/wp-content/plugins/email-subscribers/widget/es-widget-page.js",
    [
      1104171
    ]
  ],
  [
    "||youlead.pl/Scripts/Dynamic.js$script",
    [
      1104172
    ]
  ],
  [
    "||m8.mailplus.nl/genericservice$script",
    [
      1104173
    ]
  ],
  [
    "||restapi.mailplus.nl/integrationservice$script",
    [
      1104174
    ]
  ],
  [
    "||snrcdn.net/sdk/$script",
    [
      1104175
    ]
  ],
  [
    "||cdn.dynamicyield.com/api$script,domain=~haix.de|~bancofalabella.cl",
    [
      1104176
    ]
  ],
  [
    "||static.newsletter2go.com/utils.js$script",
    [
      1104177
    ]
  ],
  [
    "/widget/ecNewsletterPopup/*",
    [
      1104178
    ]
  ],
  [
    "||a.optmstr.com/app/js/$script",
    [
      1104179
    ]
  ],
  [
    "||api.autopilothq.com/anywhere/$script",
    [
      1104180
    ]
  ],
  [
    "||c.salecycle.com/osr/config$script",
    [
      1104181
    ]
  ],
  [
    "/wp-content/plugins/thrive-leads/*$domain=~itnator.net",
    [
      1104182
    ]
  ],
  [
    "/wp-content/plugins/bloom/*",
    [
      1104183
    ]
  ],
  [
    "||js.hsleadflows.net/leadflows.js$script",
    [
      1104184
    ]
  ],
  [
    "/clientlib-newsletter.js",
    [
      1104185
    ]
  ],
  [
    "||c.lytics.io/static/pathfora$script",
    [
      1104186
    ]
  ],
  [
    "email-signup-form-popup.js",
    [
      1104187
    ]
  ],
  [
    "||netpeak.cloud/source/js$script",
    [
      1104188
    ]
  ],
  [
    "||bunting.com/call$script",
    [
      1104189
    ]
  ],
  [
    "||cdn.connectif.cloud/cl1/client-script/$script",
    [
      1104190
    ]
  ],
  [
    "/essb-optin-booster.js",
    [
      1104191
    ]
  ],
  [
    "f.convertkit.com",
    [
      1104192
    ]
  ],
  [
    "api.morningcatch.net",
    [
      1104193
    ]
  ],
  [
    "||shopify.privy.com/widget.js$script",
    [
      1104194
    ]
  ],
  [
    "load.sumo.com",
    [
      1104195
    ]
  ],
  [
    "||cdn.listrakbi.com/scripts/script.js$script",
    [
      1104196
    ]
  ],
  [
    "/wp-content/plugins/dreamgrow-scroll-triggered-box/*",
    [
      1104197
    ]
  ],
  [
    "||d3bo67muzbfgtl.cloudfront.net/edrone$script",
    [
      1104198
    ]
  ],
  [
    "/newsletter_modals.min.",
    [
      1104199
    ]
  ],
  [
    "my.hellobar.com",
    [
      1104200
    ]
  ],
  [
    "||screenpopper.com/s-hub$script",
    [
      1104201
    ]
  ],
  [
    "||static.scarabresearch.com/wpjs$script",
    [
      1104202
    ]
  ],
  [
    "||cdn.swellrewards.com/loader$script",
    [
      1104203
    ]
  ],
  [
    "||lifterpopup.com/js/modal.js$script",
    [
      1104204
    ]
  ],
  [
    "||lpages.co/leadbox$script",
    [
      1104205
    ]
  ],
  [
    "||cdn.crall.io/t/client.js$script",
    [
      1104206
    ]
  ],
  [
    "||a.opmnstr.com/app/js/$script",
    [
      1104207
    ]
  ],
  [
    "||app2.salesmanago.pl/dynamic$script",
    [
      1104208
    ]
  ],
  [
    "||se.monetate.net/js/$script",
    [
      1104209
    ]
  ],
  [
    "||cdn.blueconic.net/hearst.js$script",
    [
      1104210
    ]
  ],
  [
    "/js/website/modal-newsletter~rc-module-newsletter",
    [
      1104211
    ]
  ],
  [
    "||cdn.omniconvert.com/js$script",
    [
      1104212
    ]
  ],
  [
    "||cdn.omniconvert.com/async/js$script",
    [
      1104213
    ]
  ],
  [
    "/frosmo.easy.js",
    [
      1104214
    ]
  ],
  [
    "||static-sb.com/js/sb-tracker.js$script",
    [
      1104215
    ]
  ],
  [
    "||mailmojo.no/sdk.js$script",
    [
      1104216
    ]
  ],
  [
    "/wp-content/popupally-pro-scripts",
    [
      1104217
    ]
  ],
  [
    "||media-inea.ipresso.pl/monitoridentification$script",
    [
      1104218
    ]
  ],
  [
    "/wp-content/plugins/mailoptin/*",
    [
      1104219
    ]
  ],
  [
    "||a.optnmnstr.com/app/js/$script",
    [
      1104220
    ]
  ],
  [
    "||static.popmechanic.ru/service/loader.js$script",
    [
      1104221
    ]
  ],
  [
    "static.zotabox.com",
    [
      1104222
    ]
  ],
  [
    "||marketbeat.com/scripts/modal/affiliatepopup.js$script",
    [
      1104223
    ]
  ],
  [
    "||widget.pico.tools/static/js/bundle.js$script",
    [
      1104224
    ]
  ],
  [
    "||powr.io/powr.js$script",
    [
      1104225
    ]
  ],
  [
    "/wp-content/plugins/layered-popups/*",
    [
      1104226
    ]
  ],
  [
    "/wp-content/plugins/mailchimp-for-wp/*",
    [
      1104227
    ]
  ],
  [
    "||bounceexchange.com/tag$script",
    [
      1104228
    ]
  ],
  [
    "tag.bounceexchange.com",
    [
      1104229
    ]
  ],
  [
    "||leadpages.net/leadboxes/current$script",
    [
      1104230
    ]
  ],
  [
    "||flodesk.com/universal$script",
    [
      1104231
    ]
  ],
  [
    "||activehosted.com/f/embed.php$script,domain=~renegade.global",
    [
      1104232
    ]
  ],
  [
    "/wp-content/plugins/99robots-optin-fire/*",
    [
      1104233
    ]
  ],
  [
    "||getresponse.com/view_webform$script",
    [
      1104234
    ]
  ],
  [
    "/gr-popups$script",
    [
      1104235
    ]
  ],
  [
    "||get.exitintel.com/load.js$script",
    [
      1104236
    ]
  ],
  [
    "/popup-by-supsystic/*",
    [
      1104237
    ]
  ],
  [
    "||cdn.jst.ai/mwgt$script",
    [
      1104238
    ]
  ],
  [
    "||milotree.com/container$script",
    [
      1104239
    ]
  ],
  [
    "/zaius-min.js",
    [
      1104240
    ]
  ],
  [
    "/wp-content/plugins/convertplug/*$~image",
    [
      1104241
    ]
  ],
  [
    "/wp-content/plugins/optin-monster/*",
    [
      1104242
    ]
  ],
  [
    ".wisepops.com/get-loader.js",
    [
      1104243
    ]
  ],
  [
    "api.exponea.com",
    [
      1104244
    ]
  ],
  [
    "/ouibounce.min.js",
    [
      1104245
    ]
  ],
  [
    "||bluecore.com/triggermail$script",
    [
      1104246
    ]
  ],
  [
    "||cloudiq.com/tag$script",
    [
      1104247
    ]
  ],
  [
    "||leadpages.net/leadbars/current/embed.js$script",
    [
      1104248
    ]
  ],
  [
    "||s.sloyalty.com/site_media$script",
    [
      1104249
    ]
  ],
  [
    "||klaviyo.com/onsite/js/vendors~signupForms$script",
    [
      1104250
    ]
  ],
  [
    "/vidstore-popups/assets/public/js/newsletter.min.js",
    [
      1104251
    ]
  ],
  [
    "||app-abd.marketo.com/js$script",
    [
      1104252
    ]
  ],
  [
    "||omappapi.com/app$script",
    [
      1104253
    ]
  ],
  [
    "tag.getdrip.com",
    [
      1104254
    ]
  ],
  [
    "||zoho.com/js/optin$script",
    [
      1104255
    ]
  ],
  [
    "/entries?content_type=staticContentBlock&fields.id=email-capture",
    [
      1104256
    ]
  ],
  [
    "||cloud-iq.com/cartrecovery/store.js$script",
    [
      1104257
    ]
  ],
  [
    "/axnewsletter.js",
    [
      1104258
    ]
  ],
  [
    "/wp-content/plugins/popupally",
    [
      1104259
    ]
  ],
  [
    "api.omappapi.com",
    [
      1104260
    ]
  ],
  [
    "/email-capture/email-capture-",
    [
      1104261
    ]
  ],
  [
    "||californiatimes.com/newsletter-campaign-manager$script",
    [
      1104262
    ]
  ],
  [
    "||quitsnap-blue.com/js/os_engine.js$script",
    [
      1104263
    ]
  ],
  [
    "/wp-content/plugins/convertpro/*",
    [
      1104264
    ]
  ],
  [
    "/wp-content/plugins/optin-revolution/*",
    [
      1104265
    ]
  ],
  [
    "||addthis.com/js/300/addthis_widget.js$script",
    [
      1104266
    ]
  ],
  [
    "api-cis.exponea.com",
    [
      1104267
    ]
  ],
  [
    "||api.traq.li/public/sdk$script",
    [
      1104268
    ]
  ],
  [
    "tracking.retargeting.biz",
    [
      1104269
    ]
  ],
  [
    "ping.contactpigeon.com",
    [
      1104270
    ]
  ],
  [
    "/newsletter-invite.js",
    [
      1104271
    ]
  ],
  [
    "/Action-Subscribe-2019.js",
    [
      1104272
    ]
  ],
  [
    "||convertbox.com/convertbox$script",
    [
      1104273
    ]
  ],
  [
    "||birdsend.co/assets/static/js/pixel/main.js$script",
    [
      1104274
    ]
  ],
  [
    "||hd.koloo.net/oo.js$script",
    [
      1104275
    ]
  ],
  [
    "||receiptful.com/scripts/shopify.js$script",
    [
      1104276
    ]
  ],
  [
    "t2.netsalesmedia.pl",
    [
      1104277
    ]
  ],
  [
    "content.govdelivery.com",
    [
      1104278
    ]
  ],
  [
    "api.pushnami.com",
    [
      1104279
    ]
  ],
  [
    "/js/deploy/syndicated-newsletter",
    [
      1104280
    ]
  ],
  [
    "||klaviyo.com/onsite/js/signup_forms$script,domain=~ufpro.com|~worldwidestereo.com|~salada.com",
    [
      1104281
    ]
  ],
  [
    "popup.popupsmart.com",
    [
      1104282
    ]
  ],
  [
    "/mol-fe-newsletter-popup/*",
    [
      1104283
    ]
  ],
  [
    "cdn.popt.in",
    [
      1104284
    ]
  ],
  [
    "||data.whizeo.com/widgets$script",
    [
      1104285
    ]
  ],
  [
    "||securedvisit.com/js/sv.js$script",
    [
      1104286
    ]
  ],
  [
    "||dev.visualwebsiteoptimizer.com/j.php$script",
    [
      1104287
    ]
  ],
  [
    "||convertkitqa.com/ckjs$script",
    [
      1104288
    ]
  ],
  [
    "||bounceexchange.com/assets/smart-tag$script",
    [
      1104289
    ]
  ],
  [
    "||adoric-om.com/adoric.js$script",
    [
      1104290
    ]
  ],
  [
    "/wp-content/plugins/woo-coupon-box/*",
    [
      1104291
    ]
  ],
  [
    "forms.convertkit.com",
    [
      1104292
    ]
  ],
  [
    "||convertkit.com/assets^$third-party",
    [
      1104293
    ]
  ],
  [
    "||sdks.automizely.com/conversions$script",
    [
      1104294
    ]
  ],
  [
    "cdn.attn.tv",
    [
      1104295
    ]
  ],
  [
    "||cdn.threadloom.com/ga$script",
    [
      1104296
    ]
  ],
  [
    "/js/website/modal-newsletter",
    [
      1104297
    ]
  ],
  [
    "/exponea.min.js",
    [
      1104298
    ]
  ],
  [
    "||newell.evergage.com/beacon$script",
    [
      1104299
    ]
  ],
  [
    "/evergage.min.js",
    [
      1104300
    ]
  ],
  [
    "/klaviyo_subscribe.js",
    [
      1104301
    ]
  ],
  [
    "||mailcampaigns.nl/interface/popup$script",
    [
      1104302
    ]
  ],
  [
    "/next-gen/dist/NewsletterPopup",
    [
      1104303
    ]
  ],
  [
    "forms.smsbump.com",
    [
      1104304
    ]
  ],
  [
    "/mod_motivatingcoupon/facebox/*",
    [
      1104305
    ]
  ],
  [
    "||static.redeal.se/widget/js/redeal.js$script",
    [
      1104306
    ]
  ],
  [
    "||cdn.optinly.net$third-party",
    [
      1104307
    ]
  ],
  [
    "/rg_smartpopup/*",
    [
      1104308
    ]
  ],
  [
    "/alert/email_subscribe/*",
    [
      1104309
    ]
  ],
  [
    "/arengu-newsletter.js",
    [
      1104310
    ]
  ],
  [
    "/popup-newsletter-$script",
    [
      1104311
    ]
  ],
  [
    "||assets.mailerlite.com^$script",
    [
      1104312
    ]
  ],
  [
    "/ps_emailsubscription.js",
    [
      1104313
    ]
  ],
  [
    "||embedded.wishpondpages.com$third-party,subdocument",
    [
      1104314
    ]
  ],
  [
    "/hs-web-interactive-$third-party,subdocument",
    [
      1104315
    ]
  ],
  [
    "/ht_newsletterpopup",
    [
      1104316
    ]
  ],
  [
    "/avada-popup.min.js",
    [
      1104317
    ]
  ],
  [
    "||connectif.cloud^$third-party",
    [
      1104318
    ]
  ],
  [
    "||tr.vitals.co^$third-party",
    [
      1104319
    ]
  ],
  [
    "||optimove.net^$third-party",
    [
      1104320
    ]
  ],
  [
    "||sail-horizon.com^$third-party",
    [
      1104321
    ]
  ],
  [
    "/assets/section-mailing-popup.",
    [
      1104322
    ]
  ],
  [
    "/kadence-conversions.",
    [
      1104323
    ]
  ],
  [
    "||postscript.io^$third-party",
    [
      1104324
    ]
  ],
  [
    "NotificationDisclaimerControl.js$domain=vontobel.com",
    [
      1104325
    ]
  ],
  [
    "list-builder.js$domain=wanderlust.co.uk",
    [
      1104326
    ]
  ],
  [
    "/amd_modules/newsletter-hover$domain=webmd.com",
    [
      1104327
    ]
  ],
  [
    "/politica-privacidade/lightbox$domain=toysrus.pt",
    [
      1104328
    ]
  ],
  [
    "/opentag-$domain=jet2.com",
    [
      1104329
    ]
  ],
  [
    "global-lightbox.js$domain=drschollsshoes.com",
    [
      1104330
    ]
  ],
  [
    "/wpp-popup-frontend.js$domain=globalvoices.org",
    [
      1104331
    ]
  ],
  [
    "/email.js$domain=tp-link.com",
    [
      1104332
    ]
  ],
  [
    "||ibt-mail.com/view_webform$script,domain=ibtimes.com",
    [
      1104333
    ]
  ],
  [
    "/lightboxform.js$domain=tips.net",
    [
      1104334
    ]
  ],
  [
    "/esm.js$domain=yamahamotorsports.com",
    [
      1104335
    ]
  ],
  [
    "/aiosp-jsonp.js$domain=kleren.com",
    [
      1104336
    ]
  ],
  [
    "/vol-modal/*$domain=thepaintstore.com",
    [
      1104337
    ]
  ],
  [
    "||imimg.com/js/reqForms.min.js$script,domain=indiamart.com",
    [
      1104338
    ]
  ],
  [
    "try.abtasty.com$domain=leparisien.fr",
    [
      1104339
    ]
  ],
  [
    "/Action-Subscribe$domain=naturalnews.com",
    [
      1104340
    ]
  ],
  [
    "/sharing/popover.js$domain=mymemory.co.uk",
    [
      1104341
    ]
  ],
  [
    "/popup/tsr$domain=superyachtnews.com",
    [
      1104342
    ]
  ],
  [
    "/simpleSignupManager.chunk.js$domain=manning.com",
    [
      1104343
    ]
  ],
  [
    "cdn-promote.weebly.com$domain=weebly.com",
    [
      1104344
    ]
  ],
  [
    "/acquisition-tag.js$domain=latribune.fr",
    [
      1104345
    ]
  ],
  [
    "/pharmapopin/*$domain=pharmasimple.com",
    [
      1104346
    ]
  ],
  [
    "/crm.js$domain=fujifilm-x.com",
    [
      1104347
    ]
  ],
  [
    "/sven_daspopup/*$domain=adler-farbenmeister.com",
    [
      1104348
    ]
  ],
  [
    "/PopupNewsletter/GetLayer$domain=yoox.com",
    [
      1104349
    ]
  ],
  [
    "/emailcollection/*$domain=motorsport.com",
    [
      1104350
    ]
  ],
  [
    "/popoverv2.js*$domain=britishcornershop.co.uk",
    [
      1104351
    ]
  ],
  [
    "/fp-web-flyout-widget.min.js^$domain=getfirepush.com",
    [
      1104352
    ]
  ],
  [
    "/tingle.$domain=arcade1up.com",
    [
      1104353
    ]
  ],
  [
    "||tinypass.com/api/tinypass.min.js^$domain=technologyreview.com",
    [
      1104354
    ]
  ],
  [
    "/SysConsentComponent.js$domain=netpeak.net",
    [
      1104355
    ]
  ],
  [
    "||cdn.p-n.io/pushly$script",
    [
      1104356
    ]
  ],
  [
    "||app3.emlgrid.com/static/sm.js$script",
    [
      1104357
    ]
  ],
  [
    "webpush-desktop.chunk.js",
    [
      1104358
    ]
  ],
  [
    "||push4site.com/Static/Script/$script",
    [
      1104359
    ]
  ],
  [
    "cdn.ghostmonitor.com",
    [
      1104360
    ]
  ],
  [
    "notify.hindustantimes.com",
    [
      1104361
    ]
  ],
  [
    "webpush.interia.pl",
    [
      1104362
    ]
  ],
  [
    ".izooto.com/scripts",
    [
      1104363
    ]
  ],
  [
    "js.pusher.com$domain=~itv.com|~lickd.co|~foliohd.com",
    [
      1104364
    ]
  ],
  [
    "||push-ad.com/integration.php$script",
    [
      1104365
    ]
  ],
  [
    "||cdn.pushassist.com/account/assets/$script",
    [
      1104366
    ]
  ],
  [
    "||gadgets.ndtv.com/static/desktop/js/notification_popup-min.js$script",
    [
      1104367
    ]
  ],
  [
    "pusherism.com",
    [
      1104368
    ]
  ],
  [
    "pushnest.com",
    [
      1104369
    ]
  ],
  [
    "||getpushmonkey.com/sdk/config$script",
    [
      1104370
    ]
  ],
  [
    "||cdn.onesignal.com/sdks$script",
    [
      1104371
    ]
  ],
  [
    "||pushpushgo.com/js$script",
    [
      1104372
    ]
  ],
  [
    "cdn.sendpulse.com$domain=~movie4k.eu",
    [
      1104373
    ]
  ],
  [
    "||salesmanago.pl/static/sm.js$script",
    [
      1104374
    ]
  ],
  [
    "cdn.pushcrew.com",
    [
      1104375
    ]
  ],
  [
    "/streamlined-push-plugin.production.min.js",
    [
      1104376
    ]
  ],
  [
    "app.push-ad.com",
    [
      1104377
    ]
  ],
  [
    "/pushnotification/service-worker-script.js",
    [
      1104378
    ]
  ],
  [
    "/sp-push-worker.js",
    [
      1104379
    ]
  ],
  [
    "95p5qep4aq.com",
    [
      1104380
    ]
  ],
  [
    "||snrcdn.net/sdk/$script",
    [
      1104381
    ]
  ],
  [
    "via.batch.com",
    [
      1104382
    ]
  ],
  [
    "||wonderpush.com/sdk/$script",
    [
      1104383
    ]
  ],
  [
    "clientcdn.pushengage.com",
    [
      1104384
    ]
  ],
  [
    "||web-sdk.urbanairship.com/notify/$script",
    [
      1104385
    ]
  ],
  [
    "api.sociaplus.com",
    [
      1104386
    ]
  ],
  [
    "/plugins/tmx-push/*",
    [
      1104387
    ]
  ],
  [
    "/firebase-messaging.js$domain=~dn.pt|~jn.pt",
    [
      1104388
    ]
  ],
  [
    "pushno.com",
    [
      1104389
    ]
  ],
  [
    "pushwhy.com",
    [
      1104390
    ]
  ],
  [
    "pushame.com",
    [
      1104391
    ]
  ],
  [
    "||voirfilms.ws/sw.js$script",
    [
      1104392
    ]
  ],
  [
    "||siteswithcontent.com/js/push$script",
    [
      1104393
    ]
  ],
  [
    "||cdn.moengage.com/webpush$script",
    [
      1104394
    ]
  ],
  [
    "||brandflow.net/static/general/push-init-code.js$script",
    [
      1104395
    ]
  ],
  [
    "||cleverpush.com/channel/loader$script",
    [
      1104396
    ]
  ],
  [
    "||static.getback.ch/clients$script",
    [
      1104397
    ]
  ],
  [
    "/PushNotifications.",
    [
      1104398
    ]
  ],
  [
    "cdn.pushowl.com",
    [
      1104399
    ]
  ],
  [
    "||accengage.net/pushweb/$script",
    [
      1104400
    ]
  ],
  [
    "||cdn.foxpush.net/sdk/foxpush_SDK$script",
    [
      1104401
    ]
  ],
  [
    "||js.appboycdn.com/web-sdk/$script",
    [
      1104402
    ]
  ],
  [
    "||cdn.taboola.com/libtrc/tmg-network/loader.js$script",
    [
      1104403
    ]
  ],
  [
    "/js/push_subscription.js",
    [
      1104404
    ]
  ],
  [
    "||pushwoosh.com/webpush$script",
    [
      1104405
    ]
  ],
  [
    "push_service-worker.js",
    [
      1104406
    ]
  ],
  [
    "0_ghpush_client.js",
    [
      1104407
    ]
  ],
  [
    "||pastoupt.com/ntfc.php$script",
    [
      1104408
    ]
  ],
  [
    "||pushsar.com/ntfc.php$script",
    [
      1104409
    ]
  ],
  [
    "sdk.jeeng.com",
    [
      1104410
    ]
  ],
  [
    "||d3bo67muzbfgtl.cloudfront.net/edrone$script",
    [
      1104411
    ]
  ],
  [
    "||admessage.support/system_domain.js$script",
    [
      1104412
    ]
  ],
  [
    "/push/js/sdk/insider-push-native-sdk.js",
    [
      1104413
    ]
  ],
  [
    "pharance.com",
    [
      1104414
    ]
  ],
  [
    "||pushance.com/ntfc.php$script",
    [
      1104415
    ]
  ],
  [
    "||tattepush.com/push.js$script",
    [
      1104416
    ]
  ],
  [
    ".contentsitesrv.com/js/push",
    [
      1104417
    ]
  ],
  [
    "||jattepush.com/push.js$script",
    [
      1104418
    ]
  ],
  [
    "||pushanert.com/ntfc.php$script",
    [
      1104419
    ]
  ],
  [
    "/web-push/init.min.js$domain=~finanzen.ch|~finanzen.net|~finanzen.at",
    [
      1104420
    ]
  ],
  [
    "||aimtell.com/trackpush/trackpush.min.js$script",
    [
      1104421
    ]
  ],
  [
    "||hmcfront.akamaized.net/hd/extra/assets/www/notification.$script",
    [
      1104422
    ]
  ],
  [
    "/webpush.js",
    [
      1104423
    ]
  ],
  [
    "||youlead.pl/ylwebpush.js$script",
    [
      1104424
    ]
  ],
  [
    "push.delivery.ethinking.de",
    [
      1104425
    ]
  ],
  [
    "/web-push.js",
    [
      1104426
    ]
  ],
  [
    "||freeclick.me/?pu=$script",
    [
      1104427
    ]
  ],
  [
    "||cdn.pushalert.co/integrate$script",
    [
      1104428
    ]
  ],
  [
    "||cdn.gravitec.net/storage$script",
    [
      1104429
    ]
  ],
  [
    ".izooto.com/optin",
    [
      1104430
    ]
  ],
  [
    "cdn.qgraph.io",
    [
      1104431
    ]
  ],
  [
    "sw.wpush.org",
    [
      1104432
    ]
  ],
  [
    "||cdn.pn.vg/c/ig/pushnews.min.js$script",
    [
      1104433
    ]
  ],
  [
    "||subscribers.com/assets/subscribers.js$script",
    [
      1104434
    ]
  ],
  [
    "/webpush-loader.js",
    [
      1104435
    ]
  ],
  [
    "app.wigzo.com",
    [
      1104436
    ]
  ],
  [
    "app.getbeamer.com",
    [
      1104437
    ]
  ],
  [
    "api.signalize.com",
    [
      1104438
    ]
  ],
  [
    "cdn.letreach.com",
    [
      1104439
    ]
  ],
  [
    "gg.faromen.online",
    [
      1104440
    ]
  ],
  [
    "/js/webpushr.app",
    [
      1104441
    ]
  ],
  [
    "||pushwoosh.com/json$script",
    [
      1104442
    ]
  ],
  [
    "||pushpushgo.com/scripts$script",
    [
      1104443
    ]
  ],
  [
    "||hrbpark.bid/pushJs$script",
    [
      1104444
    ]
  ],
  [
    "||webpushs.com/js/push$script",
    [
      1104445
    ]
  ],
  [
    "wwopenclick.space",
    [
      1104446
    ]
  ],
  [
    "iss.shopimind.com",
    [
      1104447
    ]
  ],
  [
    "||cdn.pn.vg/push$script",
    [
      1104448
    ]
  ],
  [
    "/webpush-production.js",
    [
      1104449
    ]
  ],
  [
    "cdn.notifyvisitors.com",
    [
      1104450
    ]
  ],
  [
    "||cdn.webpushr.com/app$script",
    [
      1104451
    ]
  ],
  [
    "t2.netsalesmedia.pl",
    [
      1104452
    ]
  ],
  [
    "api.pushnami.com",
    [
      1104453
    ]
  ],
  [
    "/OneSignalSDK",
    [
      1104454
    ]
  ],
  [
    "||aswpsdkus.com/notify$script",
    [
      1104455
    ]
  ],
  [
    "/web-push-notification.js",
    [
      1104456
    ]
  ],
  [
    "/nano-webpush-ui",
    [
      1104457
    ]
  ],
  [
    "cdn.pushmaster-cdn.xyz",
    [
      1104458
    ]
  ],
  [
    "cdn.netmera-web.com",
    [
      1104459
    ]
  ],
  [
    "/smio-push-notification/*",
    [
      1104460
    ]
  ],
  [
    "/BildirtSDKfiles.js",
    [
      1104461
    ]
  ],
  [
    "cdn.onepush.app",
    [
      1104462
    ]
  ],
  [
    "||truepush.com/sdk$script",
    [
      1104463
    ]
  ],
  [
    "||assets.emarsys.net/web-emarsys-sdk/*$script",
    [
      1104464
    ]
  ],
  [
    "||notifpush.com/scripts$script",
    [
      1104465
    ]
  ],
  [
    "||js.smct.io/*/notifications*$script",
    [
      1104466
    ]
  ],
  [
    "push/push*$script",
    [
      1104467
    ]
  ],
  [
    "||pushwoosh.com^",
    [
      1104468
    ]
  ],
  [
    "/pushnotifications^",
    [
      1104469
    ]
  ],
  [
    "||sendsay.ru/backend/push/*",
    [
      1104470
    ]
  ],
  [
    "/social_push_notifications/*",
    [
      1104471
    ]
  ],
  [
    "||pushpanda.io^$third-party",
    [
      1104472
    ]
  ],
  [
    "||potisni.me/js/enable-push.js$third-party",
    [
      1104473
    ]
  ],
  [
    "/_pushAllow.js",
    [
      1104474
    ]
  ],
  [
    "/clevertap.min.js",
    [
      1104475
    ]
  ],
  [
    "plugins/tfnotifier-wp/*",
    [
      1104476
    ]
  ],
  [
    "messaging/webpush*",
    [
      1104477
    ]
  ],
  [
    "/service-webpush-firebase.js",
    [
      1104478
    ]
  ],
  [
    "/js/push.js",
    [
      1104479
    ]
  ],
  [
    "/notification.*.js$domain=~qudosbank.com.au",
    [
      1104480
    ]
  ],
  [
    "||notix.io^$third-party",
    [
      1104481
    ]
  ],
  [
    "||pushouse.com^$third-party",
    [
      1104482
    ]
  ],
  [
    "||yottlyscript.com/push/*",
    [
      1104483
    ]
  ],
  [
    "/wzrk_dialog.min.js",
    [
      1104484
    ]
  ],
  [
    "||gr-cdn-e.eu/*/push-notification^$script",
    [
      1104485
    ]
  ],
  [
    "||dengage.com^$third-party",
    [
      1104486
    ]
  ],
  [
    "/sw.js$domain=pinterest.com",
    [
      1104487
    ]
  ],
  [
    "/public/spartanien/js/sw_handler$domain=spartanien.de",
    [
      1104488
    ]
  ],
  [
    "/pushes/notification.js$domain=rt.com",
    [
      1104489
    ]
  ],
  [
    "/js/subscriber$domain=mitula.pt",
    [
      1104490
    ]
  ],
  [
    "/firebase.js$domain=alibaba.com",
    [
      1104491
    ]
  ],
  [
    "/sw.js$domain=1337x.is",
    [
      1104492
    ]
  ],
  [
    "/sw.js$domain=1337x.to",
    [
      1104493
    ]
  ],
  [
    "push-main.js$domain=ndtv.com",
    [
      1104494
    ]
  ],
  [
    "/js/adNotice.js$domain=hardwarezone.com.sg",
    [
      1104495
    ]
  ],
  [
    "/push/*$domain=tut.by",
    [
      1104496
    ]
  ],
  [
    "/firebase.min.js$domain=azoresgetaways.com",
    [
      1104497
    ]
  ],
  [
    "/firebase.js$domain=tribunavalladolid.com",
    [
      1104498
    ]
  ],
  [
    "client-.js$domain=hoerbuch.us",
    [
      1104499
    ]
  ],
  [
    "/js/a.js$domain=allevents.in",
    [
      1104500
    ]
  ],
  [
    "notifi.min.js$domain=antyradio.pl",
    [
      1104501
    ]
  ],
  [
    "/app.js$domain=lightinthebox.com",
    [
      1104502
    ]
  ],
  [
    "/min/js/sw/*$domain=sputniknews.com",
    [
      1104503
    ]
  ],
  [
    "/clientt.js$domain=cript.to",
    [
      1104504
    ]
  ],
  [
    "wsNotification.js$domain=wondershare.com",
    [
      1104505
    ]
  ],
  [
    "||tags.tiqcdn.com/utag$script,domain=national-lottery.co.uk",
    [
      1104506
    ]
  ],
  [
    "/notification-topics.js^$domain=winnipegfreepress.com",
    [
      1104507
    ]
  ],
  [
    "nebula-cdn.kampyle.com",
    [
      1104508
    ]
  ],
  [
    "||turbo.qualaroo.com/c.js$script",
    [
      1104509
    ]
  ],
  [
    "||scripts.psyma.com/layer_question$script",
    [
      1104510
    ]
  ],
  [
    "w.usabilla.com",
    [
      1104511
    ]
  ],
  [
    "||static.hotjar.com/c/hotjar$script",
    [
      1104512
    ]
  ],
  [
    "||scripts.psyma.com/html/layer/json_question.php$script",
    [
      1104513
    ]
  ],
  [
    "||visualwebsiteoptimizer.com/va_survey$script",
    [
      1104514
    ]
  ],
  [
    "gateway.answerscloud.com",
    [
      1104515
    ]
  ],
  [
    "st.getsitecontrol.com",
    [
      1104516
    ]
  ],
  [
    "||survey.g.doubleclick.net/survey$script",
    [
      1104517
    ]
  ],
  [
    "/opiniac.js",
    [
      1104518
    ]
  ],
  [
    "||ssl.ceneo.pl/shops/$script",
    [
      1104519
    ]
  ],
  [
    "||cloud.netquest.sk/scripts/widget$script",
    [
      1104520
    ]
  ],
  [
    "||storage.googleapis.com/outfox/ocs/surveys/$script",
    [
      1104521
    ]
  ],
  [
    "||kameleoon.eu/kameleoon.js$script",
    [
      1104522
    ]
  ],
  [
    "||invitation.opinionbar.com/wit/popups$script",
    [
      1104523
    ]
  ],
  [
    "||neads.delivery/opinion-seed-embed.js$script",
    [
      1104524
    ]
  ],
  [
    "||collect.mopinion.com/assets/surveys/$script",
    [
      1104525
    ]
  ],
  [
    "/runtimejs/dist/survey/js/survey.js$domain=~alchemer.eu",
    [
      1104526
    ]
  ],
  [
    "||surveygizmobeacon.s3.amazonaws.com/beaconconfigs/$script",
    [
      1104527
    ]
  ],
  [
    "||cpx.smind.hr/Log/LogData$script",
    [
      1104528
    ]
  ],
  [
    "||widget.surveymonkey.com/collect$script,domain=~onboarding.italki.com",
    [
      1104529
    ]
  ],
  [
    "||cdn.feedbackify.com/f.js$script",
    [
      1104530
    ]
  ],
  [
    "||invitation.opinionbar.com/popups$script",
    [
      1104531
    ]
  ],
  [
    "/bundles/Scripts/OpinionLab.js",
    [
      1104532
    ]
  ],
  [
    "||survey.nuggad.net/c/layer-html$script",
    [
      1104533
    ]
  ],
  [
    "||ips-invite.iperceptions.com/invitations$script",
    [
      1104534
    ]
  ],
  [
    "/oo_engine.min.js",
    [
      1104535
    ]
  ],
  [
    "||userzoom.com/feedback$script",
    [
      1104536
    ]
  ],
  [
    "||invite.leanlab.co/invite/invite.js$script",
    [
      1104537
    ]
  ],
  [
    "||userreport.com/newsquest/launcher.js$script",
    [
      1104538
    ]
  ],
  [
    "siteintercept.qualtrics.com",
    [
      1104539
    ]
  ],
  [
    "||sandsiv.com/digi_runner.js?surveyId$script",
    [
      1104540
    ]
  ],
  [
    "||digitalfeedback.euro.confirmit.com/api$script",
    [
      1104541
    ]
  ],
  [
    "||taskanalytics.com/tm.js$script",
    [
      1104542
    ]
  ],
  [
    "popup.designtutkimus.fi",
    [
      1104543
    ]
  ],
  [
    "||guitaretab.com/static/js/hats$script",
    [
      1104544
    ]
  ],
  [
    "/v1/survey_invite.min.js",
    [
      1104545
    ]
  ],
  [
    "||app.alpheid.com/js/marketing_automation$script",
    [
      1104546
    ]
  ],
  [
    "||siteimproveanalytics.com/js/siteanalyze$script",
    [
      1104547
    ]
  ],
  [
    "||cdn.judge.me/shopify_v2.js$script",
    [
      1104548
    ]
  ],
  [
    "||static.yourcx.io/customers$script",
    [
      1104549
    ]
  ],
  [
    "||webankieta.pl/scripts/widget$script",
    [
      1104550
    ]
  ],
  [
    "popin.survey-xact.dk",
    [
      1104551
    ]
  ],
  [
    "||myaudience.de/sv/rifflejs.php$script",
    [
      1104552
    ]
  ],
  [
    "||survey.survicate.com/workspaces$script",
    [
      1104553
    ]
  ],
  [
    "||tryinteract.com/promotions/init.js$script",
    [
      1104554
    ]
  ],
  [
    "||scripts.psyma.com/scripts$script",
    [
      1104555
    ]
  ],
  [
    "||surveygizmo.eu/runtimejs/intercept$script",
    [
      1104556
    ]
  ],
  [
    "widgets.opinary.com",
    [
      1104557
    ]
  ],
  [
    "||uxfeedback.ru/widget.js$script",
    [
      1104558
    ]
  ],
  [
    "||e-satisfaction.com/dist/js/integration$script",
    [
      1104559
    ]
  ],
  [
    "||gateway.foresee.com$third-party",
    [
      1104560
    ]
  ],
  [
    "/vendor/opinionlab/*$domain=lenovo.com",
    [
      1104561
    ]
  ],
  [
    "survey.js$domain=medier24.no",
    [
      1104562
    ]
  ],
  [
    "/components-nps-survey$domain=spanishdict.com",
    [
      1104563
    ]
  ],
  [
    "ExitIntentModal.js$domain=stepstone.de",
    [
      1104564
    ]
  ],
  [
    "/surveys/*$domain=europa.eu",
    [
      1104565
    ]
  ],
  [
    "||visitor.reactful.com/dist/main$script",
    [
      1104566
    ]
  ],
  [
    "/popup/puppy.js$domain=sueddeutsche.de",
    [
      1104567
    ]
  ],
  [
    "||userreport.com/aperitif/launcher.js",
    [
      1104568
    ]
  ],
  [
    "||apps.veedio.it/js/videobox$script",
    [
      1104569
    ]
  ],
  [
    "/responsive-player/video-feature-sticky.js",
    [
      1104570
    ]
  ],
  [
    "||s-pt.ppstatic.pl/p/js/regionalne/plywajace_wideo.js$script",
    [
      1104571
    ]
  ],
  [
    "/js/compiled/atoms/article/sticky-video.js",
    [
      1104572
    ]
  ],
  [
    "||sdk.digitalbees.it/jssdk.js$script",
    [
      1104573
    ]
  ],
  [
    "||live.sekindo.com/live/liveView.php$script",
    [
      1104574
    ]
  ],
  [
    "||c.jsrdn.com/s/cs.js$script",
    [
      1104575
    ]
  ],
  [
    "||playwire.com/plugins/docky.min.js$script",
    [
      1104576
    ]
  ],
  [
    "||cdn.connatix.com/min/connatix.renderer.infeed.min.js$script",
    [
      1104577
    ]
  ],
  [
    "||ultimedia.com/api/widget/smart$script",
    [
      1104578
    ]
  ],
  [
    "||stream.playbuzz.com/embed/sdk.js$script",
    [
      1104579
    ]
  ],
  [
    "||delivery.youplay.se/load.js$script",
    [
      1104580
    ]
  ],
  [
    "embed.sendtonews.com",
    [
      1104581
    ]
  ],
  [
    "/wp-content/plugins/pmc-plugins/pmc-adm/*",
    [
      1104582
    ]
  ],
  [
    "||services.brid.tv/player$script",
    [
      1104583
    ]
  ],
  [
    "||mgid.com/js/wglibs/mgWidget$script",
    [
      1104584
    ]
  ],
  [
    "/stn-player.js$domain=titantv.com",
    [
      1104585
    ]
  ],
  [
    "||vplayer.enthusiastgaming.com/player/build/plugins/slideinview/*",
    [
      1104586
    ]
  ],
  [
    "/mol-adverts-delayed.js$domain=dailymail.co.uk",
    [
      1104587
    ]
  ],
  [
    "/twocol_article_autoplay/*$domain=belfasttelegraph.co.uk",
    [
      1104588
    ]
  ],
  [
    "players.brightcove.net$domain=uproxx.com",
    [
      1104589
    ]
  ],
  [
    "/coronaWidget5/*$domain=ibtimes.sg",
    [
      1104590
    ]
  ]
]